Java HotSpot(TM) 64-Bit Server VM (25.201-b09) for bsd-amd64 JRE (1.8.0_201-b09), built on Dec 15 2018 18:35:23 by "java_re" with gcc 4.2.1 (Based on Apple Inc. build 5658) (LLVM build 2336.11.00)
Memory: 4k page, physical 8388608k(85912k free)

/proc/meminfo:

CommandLine flags: -XX:+ExplicitGCInvokesConcurrent -XX:GCLogFileSize=104857600 -XX:InitialHeapSize=1073741824 -XX:InitiatingHeapOccupancyPercent=35 -XX:+ManagementServer -XX:MaxGCPauseMillis=20 -XX:MaxHeapSize=1073741824 -XX:NumberOfGCLogFiles=10 -XX:+PrintGC -XX:+PrintGCDateStamps -XX:+PrintGCDetails -XX:+PrintGCTimeStamps -XX:+UseCompressedClassPointers -XX:+UseCompressedOops -XX:+UseG1GC -XX:+UseGCLogFileRotation 
2019-06-15T14:28:17.355-0300: 1.384: [GC pause (G1 Evacuation Pause) (young), 0.0101263 secs]
   [Parallel Time: 4.6 ms, GC Workers: 4]
      [GC Worker Start (ms): Min: 1384.2, Avg: 1384.2, Max: 1384.2, Diff: 0.1]
      [Ext Root Scanning (ms): Min: 0.5, Avg: 1.0, Max: 1.9, Diff: 1.4, Sum: 3.8]
      [Update RS (ms): Min: 0.0, Avg: 0.0, Max: 0.0, Diff: 0.0, Sum: 0.0]
         [Processed Buffers: Min: 0, Avg: 0.0, Max: 0, Diff: 0, Sum: 0]
      [Scan RS (ms): Min: 0.0, Avg: 0.0, Max: 0.0, Diff: 0.0, Sum: 0.0]
      [Code Root Scanning (ms): Min: 0.0, Avg: 0.2, Max: 0.4, Diff: 0.4, Sum: 0.6]
      [Object Copy (ms): Min: 2.6, Avg: 3.4, Max: 3.8, Diff: 1.2, Sum: 13.5]
      [Termination (ms): Min: 0.0, Avg: 0.0, Max: 0.0, Diff: 0.0, Sum: 0.0]
         [Termination Attempts: Min: 1, Avg: 3.5, Max: 6, Diff: 5, Sum: 14]
      [GC Worker Other (ms): Min: 0.0, Avg: 0.0, Max: 0.0, Diff: 0.0, Sum: 0.0]
      [GC Worker Total (ms): Min: 4.5, Avg: 4.5, Max: 4.5, Diff: 0.1, Sum: 18.0]
      [GC Worker End (ms): Min: 1388.7, Avg: 1388.7, Max: 1388.7, Diff: 0.0]
   [Code Root Fixup: 0.0 ms]
   [Code Root Purge: 0.0 ms]
   [Clear CT: 0.1 ms]
   [Other: 5.4 ms]
      [Choose CSet: 0.0 ms]
      [Ref Proc: 4.1 ms]
      [Ref Enq: 0.1 ms]
      [Redirty Cards: 0.1 ms]
      [Humongous Register: 0.1 ms]
      [Humongous Reclaim: 0.0 ms]
      [Free CSet: 0.1 ms]
   [Eden: 51.0M(51.0M)->0.0B(44.0M) Survivors: 0.0B->7168.0K Heap: 51.0M(1024.0M)->7995.5K(1024.0M)]
 [Times: user=0.02 sys=0.01, real=0.01 secs] 
2019-06-15T14:28:18.254-0300: 2.283: [GC pause (Metadata GC Threshold) (young) (initial-mark), 0.0138723 secs]
   [Parallel Time: 8.5 ms, GC Workers: 4]
      [GC Worker Start (ms): Min: 2283.1, Avg: 2283.2, Max: 2283.6, Diff: 0.5]
      [Ext Root Scanning (ms): Min: 0.3, Avg: 1.2, Max: 1.6, Diff: 1.3, Sum: 4.7]
      [Update RS (ms): Min: 0.0, Avg: 0.1, Max: 0.5, Diff: 0.5, Sum: 0.5]
         [Processed Buffers: Min: 0, Avg: 0.2, Max: 1, Diff: 1, Sum: 1]
      [Scan RS (ms): Min: 0.0, Avg: 0.0, Max: 0.0, Diff: 0.0, Sum: 0.0]
      [Code Root Scanning (ms): Min: 0.0, Avg: 0.3, Max: 1.1, Diff: 1.1, Sum: 1.1]
      [Object Copy (ms): Min: 6.2, Avg: 6.5, Max: 6.8, Diff: 0.6, Sum: 26.2]
      [Termination (ms): Min: 0.0, Avg: 0.1, Max: 0.2, Diff: 0.2, Sum: 0.5]
         [Termination Attempts: Min: 1, Avg: 2.5, Max: 4, Diff: 3, Sum: 10]
      [GC Worker Other (ms): Min: 0.0, Avg: 0.0, Max: 0.0, Diff: 0.0, Sum: 0.0]
      [GC Worker Total (ms): Min: 7.9, Avg: 8.3, Max: 8.4, Diff: 0.6, Sum: 33.0]
      [GC Worker End (ms): Min: 2291.5, Avg: 2291.5, Max: 2291.6, Diff: 0.1]
   [Code Root Fixup: 0.0 ms]
   [Code Root Purge: 0.0 ms]
   [Clear CT: 0.1 ms]
   [Other: 5.3 ms]
      [Choose CSet: 0.0 ms]
      [Ref Proc: 5.0 ms]
      [Ref Enq: 0.0 ms]
      [Redirty Cards: 0.1 ms]
      [Humongous Register: 0.0 ms]
      [Humongous Reclaim: 0.0 ms]
      [Free CSet: 0.1 ms]
   [Eden: 33.0M(44.0M)->0.0B(44.0M) Survivors: 7168.0K->7168.0K Heap: 168.3M(1024.0M)->138.6M(1024.0M)]
 [Times: user=0.02 sys=0.01, real=0.01 secs] 
2019-06-15T14:28:18.268-0300: 2.297: [GC concurrent-root-region-scan-start]
2019-06-15T14:28:18.273-0300: 2.302: [GC concurrent-root-region-scan-end, 0.0044940 secs]
2019-06-15T14:28:18.273-0300: 2.302: [GC concurrent-mark-start]
2019-06-15T14:28:18.273-0300: 2.302: [GC concurrent-mark-end, 0.0006130 secs]
2019-06-15T14:28:18.273-0300: 2.302: [GC remark 2019-06-15T14:28:18.273-0300: 2.302: [Finalize Marking, 0.0009116 secs] 2019-06-15T14:28:18.274-0300: 2.303: [GC ref-proc, 0.0000558 secs] 2019-06-15T14:28:18.274-0300: 2.303: [Unloading, 0.0060260 secs], 0.0081642 secs]
 [Times: user=0.01 sys=0.01, real=0.01 secs] 
2019-06-15T14:28:18.282-0300: 2.311: [GC cleanup 139M->139M(1024M), 0.0011555 secs]
 [Times: user=0.00 sys=0.00, real=0.00 secs] 
2019-06-15T14:28:18.862-0300: 2.891: [GC pause (G1 Evacuation Pause) (young), 0.0113077 secs]
   [Parallel Time: 8.6 ms, GC Workers: 4]
      [GC Worker Start (ms): Min: 2891.3, Avg: 2891.3, Max: 2891.4, Diff: 0.0]
      [Ext Root Scanning (ms): Min: 0.6, Avg: 1.0, Max: 1.7, Diff: 1.1, Sum: 3.8]
      [Update RS (ms): Min: 0.0, Avg: 0.2, Max: 0.4, Diff: 0.4, Sum: 0.7]
         [Processed Buffers: Min: 0, Avg: 1.0, Max: 2, Diff: 2, Sum: 4]
      [Scan RS (ms): Min: 0.0, Avg: 0.0, Max: 0.0, Diff: 0.0, Sum: 0.0]
      [Code Root Scanning (ms): Min: 0.0, Avg: 0.4, Max: 0.8, Diff: 0.8, Sum: 1.7]
      [Object Copy (ms): Min: 6.1, Avg: 6.9, Max: 7.9, Diff: 1.8, Sum: 27.7]
      [Termination (ms): Min: 0.0, Avg: 0.0, Max: 0.1, Diff: 0.0, Sum: 0.1]
         [Termination Attempts: Min: 1, Avg: 4.5, Max: 9, Diff: 8, Sum: 18]
      [GC Worker Other (ms): Min: 0.0, Avg: 0.0, Max: 0.0, Diff: 0.0, Sum: 0.0]
      [GC Worker Total (ms): Min: 8.5, Avg: 8.5, Max: 8.6, Diff: 0.1, Sum: 34.1]
      [GC Worker End (ms): Min: 2899.9, Avg: 2899.9, Max: 2899.9, Diff: 0.0]
   [Code Root Fixup: 0.1 ms]
   [Code Root Purge: 0.0 ms]
   [Clear CT: 0.1 ms]
   [Other: 2.6 ms]
      [Choose CSet: 0.0 ms]
      [Ref Proc: 2.2 ms]
      [Ref Enq: 0.0 ms]
      [Redirty Cards: 0.0 ms]
      [Humongous Register: 0.0 ms]
      [Humongous Reclaim: 0.0 ms]
      [Free CSet: 0.1 ms]
   [Eden: 44.0M(44.0M)->0.0B(44.0M) Survivors: 7168.0K->7168.0K Heap: 182.6M(1024.0M)->146.4M(1024.0M)]
 [Times: user=0.04 sys=0.00, real=0.01 secs] 
2019-06-15T14:29:40.669-0300: 84.696: [GC pause (G1 Evacuation Pause) (young), 0.0283933 secs]
   [Parallel Time: 22.5 ms, GC Workers: 4]
      [GC Worker Start (ms): Min: 84698.6, Avg: 84698.7, Max: 84698.7, Diff: 0.1]
      [Ext Root Scanning (ms): Min: 1.1, Avg: 2.0, Max: 4.4, Diff: 3.2, Sum: 8.0]
      [Update RS (ms): Min: 0.0, Avg: 1.6, Max: 2.3, Diff: 2.3, Sum: 6.6]
         [Processed Buffers: Min: 0, Avg: 5.8, Max: 14, Diff: 14, Sum: 23]
      [Scan RS (ms): Min: 0.5, Avg: 0.7, Max: 0.9, Diff: 0.4, Sum: 2.8]
      [Code Root Scanning (ms): Min: 0.0, Avg: 0.2, Max: 0.3, Diff: 0.3, Sum: 0.8]
      [Object Copy (ms): Min: 17.0, Avg: 17.5, Max: 17.8, Diff: 0.8, Sum: 69.9]
      [Termination (ms): Min: 0.0, Avg: 0.3, Max: 0.6, Diff: 0.6, Sum: 1.1]
         [Termination Attempts: Min: 1, Avg: 1.0, Max: 1, Diff: 0, Sum: 4]
      [GC Worker Other (ms): Min: 0.0, Avg: 0.0, Max: 0.0, Diff: 0.0, Sum: 0.1]
      [GC Worker Total (ms): Min: 22.2, Avg: 22.3, Max: 22.4, Diff: 0.1, Sum: 89.2]
      [GC Worker End (ms): Min: 84721.0, Avg: 84721.0, Max: 84721.0, Diff: 0.0]
   [Code Root Fixup: 0.0 ms]
   [Code Root Purge: 0.1 ms]
   [Clear CT: 0.1 ms]
   [Other: 5.8 ms]
      [Choose CSet: 0.0 ms]
      [Ref Proc: 3.3 ms]
      [Ref Enq: 0.0 ms]
      [Redirty Cards: 0.0 ms]
      [Humongous Register: 1.8 ms]
      [Humongous Reclaim: 0.0 ms]
      [Free CSet: 0.2 ms]
   [Eden: 44.0M(44.0M)->0.0B(44.0M) Survivors: 7168.0K->7168.0K Heap: 190.4M(1024.0M)->150.0M(1024.0M)]
 [Times: user=0.04 sys=0.03, real=0.03 secs] 
2019-06-15T14:34:05.113-0300: 349.138: [GC pause (G1 Evacuation Pause) (young), 0.0299680 secs]
   [Parallel Time: 23.3 ms, GC Workers: 4]
      [GC Worker Start (ms): Min: 349139.8, Avg: 349139.8, Max: 349139.9, Diff: 0.1]
      [Ext Root Scanning (ms): Min: 1.0, Avg: 2.7, Max: 7.6, Diff: 6.7, Sum: 10.7]
      [Update RS (ms): Min: 0.0, Avg: 3.2, Max: 4.4, Diff: 4.4, Sum: 13.0]
         [Processed Buffers: Min: 0, Avg: 8.5, Max: 25, Diff: 25, Sum: 34]
      [Scan RS (ms): Min: 0.0, Avg: 0.3, Max: 0.5, Diff: 0.5, Sum: 1.1]
      [Code Root Scanning (ms): Min: 0.0, Avg: 0.6, Max: 0.9, Diff: 0.9, Sum: 2.3]
      [Object Copy (ms): Min: 15.5, Avg: 16.3, Max: 17.0, Diff: 1.5, Sum: 65.3]
      [Termination (ms): Min: 0.0, Avg: 0.0, Max: 0.0, Diff: 0.0, Sum: 0.0]
         [Termination Attempts: Min: 1, Avg: 1.0, Max: 1, Diff: 0, Sum: 4]
      [GC Worker Other (ms): Min: 0.0, Avg: 0.0, Max: 0.0, Diff: 0.0, Sum: 0.1]
      [GC Worker Total (ms): Min: 23.1, Avg: 23.1, Max: 23.2, Diff: 0.1, Sum: 92.5]
      [GC Worker End (ms): Min: 349163.0, Avg: 349163.0, Max: 349163.0, Diff: 0.0]
   [Code Root Fixup: 0.0 ms]
   [Code Root Purge: 0.1 ms]
   [Clear CT: 0.1 ms]
   [Other: 6.5 ms]
      [Choose CSet: 0.0 ms]
      [Ref Proc: 3.9 ms]
      [Ref Enq: 0.0 ms]
      [Redirty Cards: 0.1 ms]
      [Humongous Register: 1.8 ms]
      [Humongous Reclaim: 0.0 ms]
      [Free CSet: 0.2 ms]
   [Eden: 44.0M(44.0M)->0.0B(46.0M) Survivors: 7168.0K->5120.0K Heap: 194.0M(1024.0M)->152.4M(1024.0M)]
 [Times: user=0.04 sys=0.05, real=0.03 secs] 
2019-06-15T15:04:42.576-0300: 902.615: [GC pause (G1 Evacuation Pause) (young), 0.0453488 secs]
   [Parallel Time: 41.0 ms, GC Workers: 4]
      [GC Worker Start (ms): Min: 902617.7, Avg: 902617.8, Max: 902617.8, Diff: 0.1]
      [Ext Root Scanning (ms): Min: 2.0, Avg: 3.5, Max: 7.8, Diff: 5.8, Sum: 14.0]
      [Update RS (ms): Min: 0.0, Avg: 2.0, Max: 3.1, Diff: 3.1, Sum: 8.1]
         [Processed Buffers: Min: 0, Avg: 12.2, Max: 29, Diff: 29, Sum: 49]
      [Scan RS (ms): Min: 0.4, Avg: 3.4, Max: 6.0, Diff: 5.6, Sum: 13.5]
      [Code Root Scanning (ms): Min: 0.0, Avg: 1.7, Max: 5.3, Diff: 5.3, Sum: 6.9]
      [Object Copy (ms): Min: 28.0, Avg: 29.4, Max: 31.8, Diff: 3.8, Sum: 117.6]
      [Termination (ms): Min: 0.5, Avg: 0.8, Max: 0.9, Diff: 0.4, Sum: 3.3]
         [Termination Attempts: Min: 31, Avg: 35.0, Max: 39, Diff: 8, Sum: 140]
      [GC Worker Other (ms): Min: 0.0, Avg: 0.0, Max: 0.1, Diff: 0.0, Sum: 0.1]
      [GC Worker Total (ms): Min: 40.8, Avg: 40.9, Max: 41.0, Diff: 0.1, Sum: 163.5]
      [GC Worker End (ms): Min: 902658.7, Avg: 902658.7, Max: 902658.7, Diff: 0.0]
   [Code Root Fixup: 0.0 ms]
   [Code Root Purge: 0.0 ms]
   [Clear CT: 0.1 ms]
   [Other: 4.2 ms]
      [Choose CSet: 0.0 ms]
      [Ref Proc: 0.8 ms]
      [Ref Enq: 0.0 ms]
      [Redirty Cards: 0.0 ms]
      [Humongous Register: 2.5 ms]
      [Humongous Reclaim: 0.0 ms]
      [Free CSet: 0.2 ms]
   [Eden: 46.0M(46.0M)->0.0B(45.0M) Survivors: 5120.0K->6144.0K Heap: 198.4M(1024.0M)->152.9M(1024.0M)]
 [Times: user=0.04 sys=0.08, real=0.05 secs] 
2019-06-15T15:14:00.636-0300: 1460.667: [GC pause (G1 Evacuation Pause) (young), 0.0113180 secs]
   [Parallel Time: 10.3 ms, GC Workers: 4]
      [GC Worker Start (ms): Min: 1460667.5, Avg: 1460667.5, Max: 1460667.5, Diff: 0.1]
      [Ext Root Scanning (ms): Min: 0.6, Avg: 0.8, Max: 1.3, Diff: 0.7, Sum: 3.2]
      [Update RS (ms): Min: 0.3, Avg: 0.6, Max: 0.7, Diff: 0.4, Sum: 2.4]
         [Processed Buffers: Min: 1, Avg: 9.8, Max: 24, Diff: 23, Sum: 39]
      [Scan RS (ms): Min: 0.3, Avg: 0.5, Max: 0.5, Diff: 0.2, Sum: 1.8]
      [Code Root Scanning (ms): Min: 0.0, Avg: 0.7, Max: 1.5, Diff: 1.5, Sum: 2.7]
      [Object Copy (ms): Min: 6.9, Avg: 7.7, Max: 8.4, Diff: 1.4, Sum: 30.8]
      [Termination (ms): Min: 0.0, Avg: 0.0, Max: 0.0, Diff: 0.0, Sum: 0.1]
         [Termination Attempts: Min: 1, Avg: 2.2, Max: 3, Diff: 2, Sum: 9]
      [GC Worker Other (ms): Min: 0.0, Avg: 0.0, Max: 0.0, Diff: 0.0, Sum: 0.1]
      [GC Worker Total (ms): Min: 10.2, Avg: 10.3, Max: 10.3, Diff: 0.1, Sum: 41.1]
      [GC Worker End (ms): Min: 1460677.8, Avg: 1460677.8, Max: 1460677.8, Diff: 0.0]
   [Code Root Fixup: 0.0 ms]
   [Code Root Purge: 0.0 ms]
   [Clear CT: 0.0 ms]
   [Other: 0.9 ms]
      [Choose CSet: 0.0 ms]
      [Ref Proc: 0.3 ms]
      [Ref Enq: 0.0 ms]
      [Redirty Cards: 0.1 ms]
      [Humongous Register: 0.2 ms]
      [Humongous Reclaim: 0.0 ms]
      [Free CSet: 0.1 ms]
   [Eden: 45.0M(45.0M)->0.0B(46.0M) Survivors: 6144.0K->5120.0K Heap: 197.9M(1024.0M)->154.0M(1024.0M)]
 [Times: user=0.03 sys=0.01, real=0.02 secs] 
2019-06-15T15:23:46.962-0300: 2046.987: [GC pause (G1 Evacuation Pause) (young), 0.0363781 secs]
   [Parallel Time: 32.6 ms, GC Workers: 4]
      [GC Worker Start (ms): Min: 2046989.3, Avg: 2046989.4, Max: 2046989.4, Diff: 0.2]
      [Ext Root Scanning (ms): Min: 2.2, Avg: 3.4, Max: 7.1, Diff: 5.0, Sum: 13.8]
      [Update RS (ms): Min: 0.0, Avg: 4.1, Max: 8.9, Diff: 8.9, Sum: 16.6]
         [Processed Buffers: Min: 0, Avg: 11.5, Max: 40, Diff: 40, Sum: 46]
      [Scan RS (ms): Min: 0.0, Avg: 0.9, Max: 1.5, Diff: 1.5, Sum: 3.6]
      [Code Root Scanning (ms): Min: 0.0, Avg: 0.4, Max: 1.0, Diff: 1.0, Sum: 1.5]
      [Object Copy (ms): Min: 19.6, Avg: 21.5, Max: 22.4, Diff: 2.7, Sum: 86.0]
      [Termination (ms): Min: 1.7, Avg: 2.1, Max: 2.3, Diff: 0.7, Sum: 8.2]
         [Termination Attempts: Min: 67, Avg: 80.0, Max: 89, Diff: 22, Sum: 320]
      [GC Worker Other (ms): Min: 0.0, Avg: 0.0, Max: 0.1, Diff: 0.0, Sum: 0.2]
      [GC Worker Total (ms): Min: 32.4, Avg: 32.4, Max: 32.5, Diff: 0.2, Sum: 129.7]
      [GC Worker End (ms): Min: 2047021.8, Avg: 2047021.8, Max: 2047021.8, Diff: 0.0]
   [Code Root Fixup: 0.0 ms]
   [Code Root Purge: 0.0 ms]
   [Clear CT: 0.0 ms]
   [Other: 3.6 ms]
      [Choose CSet: 0.0 ms]
      [Ref Proc: 0.7 ms]
      [Ref Enq: 0.0 ms]
      [Redirty Cards: 0.0 ms]
      [Humongous Register: 2.0 ms]
      [Humongous Reclaim: 0.0 ms]
      [Free CSet: 0.1 ms]
   [Eden: 46.0M(46.0M)->0.0B(46.0M) Survivors: 5120.0K->5120.0K Heap: 200.0M(1024.0M)->154.5M(1024.0M)]
 [Times: user=0.04 sys=0.07, real=0.03 secs] 
2019-06-15T15:34:01.441-0300: 2661.457: [GC pause (G1 Evacuation Pause) (young), 0.0197157 secs]
   [Parallel Time: 16.5 ms, GC Workers: 4]
      [GC Worker Start (ms): Min: 2661459.2, Avg: 2661459.2, Max: 2661459.3, Diff: 0.2]
      [Ext Root Scanning (ms): Min: 2.1, Avg: 3.4, Max: 6.9, Diff: 4.8, Sum: 13.5]
      [Update RS (ms): Min: 0.0, Avg: 2.0, Max: 2.9, Diff: 2.9, Sum: 8.0]
         [Processed Buffers: Min: 0, Avg: 12.0, Max: 46, Diff: 46, Sum: 48]
      [Scan RS (ms): Min: 0.3, Avg: 1.2, Max: 1.7, Diff: 1.4, Sum: 4.7]
      [Code Root Scanning (ms): Min: 0.0, Avg: 0.5, Max: 1.1, Diff: 1.1, Sum: 1.9]
      [Object Copy (ms): Min: 8.8, Avg: 9.2, Max: 9.5, Diff: 0.6, Sum: 37.0]
      [Termination (ms): Min: 0.0, Avg: 0.0, Max: 0.0, Diff: 0.0, Sum: 0.0]
         [Termination Attempts: Min: 1, Avg: 1.0, Max: 1, Diff: 0, Sum: 4]
      [GC Worker Other (ms): Min: 0.0, Avg: 0.0, Max: 0.0, Diff: 0.0, Sum: 0.1]
      [GC Worker Total (ms): Min: 16.2, Avg: 16.3, Max: 16.4, Diff: 0.2, Sum: 65.4]
      [GC Worker End (ms): Min: 2661475.6, Avg: 2661475.6, Max: 2661475.6, Diff: 0.0]
   [Code Root Fixup: 0.0 ms]
   [Code Root Purge: 0.0 ms]
   [Clear CT: 0.1 ms]
   [Other: 3.1 ms]
      [Choose CSet: 0.0 ms]
      [Ref Proc: 0.2 ms]
      [Ref Enq: 0.0 ms]
      [Redirty Cards: 0.0 ms]
      [Humongous Register: 2.1 ms]
      [Humongous Reclaim: 0.0 ms]
      [Free CSet: 0.1 ms]
   [Eden: 46.0M(46.0M)->0.0B(46.0M) Survivors: 5120.0K->5120.0K Heap: 200.5M(1024.0M)->154.0M(1024.0M)]
 [Times: user=0.02 sys=0.04, real=0.02 secs] 
2019-06-15T15:44:24.263-0300: 3284.270: [GC pause (G1 Evacuation Pause) (young), 0.0070907 secs]
   [Parallel Time: 6.3 ms, GC Workers: 4]
      [GC Worker Start (ms): Min: 3284270.3, Avg: 3284270.4, Max: 3284270.5, Diff: 0.2]
      [Ext Root Scanning (ms): Min: 0.3, Avg: 0.5, Max: 0.6, Diff: 0.4, Sum: 1.9]
      [Update RS (ms): Min: 0.3, Avg: 0.3, Max: 0.5, Diff: 0.2, Sum: 1.4]
         [Processed Buffers: Min: 1, Avg: 9.5, Max: 18, Diff: 17, Sum: 38]
      [Scan RS (ms): Min: 0.3, Avg: 0.4, Max: 0.5, Diff: 0.2, Sum: 1.7]
      [Code Root Scanning (ms): Min: 0.0, Avg: 0.3, Max: 0.6, Diff: 0.6, Sum: 1.3]
      [Object Copy (ms): Min: 4.1, Avg: 4.4, Max: 4.8, Diff: 0.7, Sum: 17.7]
      [Termination (ms): Min: 0.0, Avg: 0.1, Max: 0.2, Diff: 0.2, Sum: 0.5]
         [Termination Attempts: Min: 1, Avg: 1.0, Max: 1, Diff: 0, Sum: 4]
      [GC Worker Other (ms): Min: 0.0, Avg: 0.0, Max: 0.0, Diff: 0.0, Sum: 0.0]
      [GC Worker Total (ms): Min: 6.0, Avg: 6.1, Max: 6.2, Diff: 0.2, Sum: 24.5]
      [GC Worker End (ms): Min: 3284276.4, Avg: 3284276.5, Max: 3284276.5, Diff: 0.1]
   [Code Root Fixup: 0.0 ms]
   [Code Root Purge: 0.0 ms]
   [Clear CT: 0.1 ms]
   [Other: 0.7 ms]
      [Choose CSet: 0.0 ms]
      [Ref Proc: 0.3 ms]
      [Ref Enq: 0.0 ms]
      [Redirty Cards: 0.0 ms]
      [Humongous Register: 0.0 ms]
      [Humongous Reclaim: 0.0 ms]
      [Free CSet: 0.1 ms]
   [Eden: 46.0M(46.0M)->0.0B(46.0M) Survivors: 5120.0K->5120.0K Heap: 200.0M(1024.0M)->153.9M(1024.0M)]
 [Times: user=0.02 sys=0.00, real=0.01 secs] 
2019-06-15T15:54:04.268-0300: 3864.269: [GC pause (G1 Evacuation Pause) (young), 0.0258201 secs]
   [Parallel Time: 22.9 ms, GC Workers: 4]
      [GC Worker Start (ms): Min: 3864271.0, Avg: 3864271.1, Max: 3864271.3, Diff: 0.3]
      [Ext Root Scanning (ms): Min: 2.0, Avg: 3.1, Max: 6.3, Diff: 4.3, Sum: 12.5]
      [Update RS (ms): Min: 0.0, Avg: 1.8, Max: 2.8, Diff: 2.8, Sum: 7.2]
         [Processed Buffers: Min: 0, Avg: 8.5, Max: 20, Diff: 20, Sum: 34]
      [Scan RS (ms): Min: 0.0, Avg: 2.2, Max: 6.4, Diff: 6.4, Sum: 8.9]
      [Code Root Scanning (ms): Min: 0.0, Avg: 0.5, Max: 1.0, Diff: 1.0, Sum: 1.8]
      [Object Copy (ms): Min: 11.3, Avg: 15.0, Max: 16.5, Diff: 5.1, Sum: 60.1]
      [Termination (ms): Min: 0.0, Avg: 0.0, Max: 0.0, Diff: 0.0, Sum: 0.0]
         [Termination Attempts: Min: 1, Avg: 1.0, Max: 1, Diff: 0, Sum: 4]
      [GC Worker Other (ms): Min: 0.0, Avg: 0.0, Max: 0.1, Diff: 0.0, Sum: 0.1]
      [GC Worker Total (ms): Min: 22.5, Avg: 22.7, Max: 22.8, Diff: 0.3, Sum: 90.7]
      [GC Worker End (ms): Min: 3864293.8, Avg: 3864293.8, Max: 3864293.8, Diff: 0.0]
   [Code Root Fixup: 0.0 ms]
   [Code Root Purge: 0.0 ms]
   [Clear CT: 0.1 ms]
   [Other: 2.8 ms]
      [Choose CSet: 0.0 ms]
      [Ref Proc: 0.7 ms]
      [Ref Enq: 0.0 ms]
      [Redirty Cards: 0.0 ms]
      [Humongous Register: 1.4 ms]
      [Humongous Reclaim: 0.0 ms]
      [Free CSet: 0.1 ms]
   [Eden: 46.0M(46.0M)->0.0B(46.0M) Survivors: 5120.0K->5120.0K Heap: 199.9M(1024.0M)->154.5M(1024.0M)]
 [Times: user=0.02 sys=0.05, real=0.03 secs] 
2019-06-15T16:04:26.600-0300: 4486.594: [GC pause (G1 Evacuation Pause) (young), 0.0362119 secs]
   [Parallel Time: 32.2 ms, GC Workers: 4]
      [GC Worker Start (ms): Min: 4486596.4, Avg: 4486596.5, Max: 4486596.6, Diff: 0.2]
      [Ext Root Scanning (ms): Min: 2.6, Avg: 4.1, Max: 8.3, Diff: 5.7, Sum: 16.5]
      [Update RS (ms): Min: 0.0, Avg: 3.0, Max: 4.1, Diff: 4.1, Sum: 12.0]
         [Processed Buffers: Min: 0, Avg: 8.5, Max: 31, Diff: 31, Sum: 34]
      [Scan RS (ms): Min: 0.0, Avg: 0.2, Max: 0.3, Diff: 0.3, Sum: 0.7]
      [Code Root Scanning (ms): Min: 0.0, Avg: 0.6, Max: 1.3, Diff: 1.3, Sum: 2.5]
      [Object Copy (ms): Min: 16.7, Avg: 21.0, Max: 23.1, Diff: 6.4, Sum: 83.8]
      [Termination (ms): Min: 1.6, Avg: 3.0, Max: 7.0, Diff: 5.5, Sum: 12.1]
         [Termination Attempts: Min: 62, Avg: 67.5, Max: 74, Diff: 12, Sum: 270]
      [GC Worker Other (ms): Min: 0.0, Avg: 0.0, Max: 0.1, Diff: 0.1, Sum: 0.2]
      [GC Worker Total (ms): Min: 31.8, Avg: 31.9, Max: 32.0, Diff: 0.2, Sum: 127.7]
      [GC Worker End (ms): Min: 4486628.4, Avg: 4486628.4, Max: 4486628.5, Diff: 0.1]
   [Code Root Fixup: 0.0 ms]
   [Code Root Purge: 0.0 ms]
   [Clear CT: 0.1 ms]
   [Other: 3.9 ms]
      [Choose CSet: 0.0 ms]
      [Ref Proc: 0.7 ms]
      [Ref Enq: 0.0 ms]
      [Redirty Cards: 0.1 ms]
      [Humongous Register: 2.0 ms]
      [Humongous Reclaim: 0.0 ms]
      [Free CSet: 0.2 ms]
   [Eden: 46.0M(46.0M)->0.0B(46.0M) Survivors: 5120.0K->5120.0K Heap: 200.5M(1024.0M)->154.5M(1024.0M)]
 [Times: user=0.05 sys=0.06, real=0.03 secs] 
2019-06-15T16:14:52.453-0300: 5112.439: [GC pause (G1 Evacuation Pause) (young), 0.0244665 secs]
   [Parallel Time: 21.5 ms, GC Workers: 4]
      [GC Worker Start (ms): Min: 5112440.6, Avg: 5112440.8, Max: 5112441.1, Diff: 0.6]
      [Ext Root Scanning (ms): Min: 1.8, Avg: 3.1, Max: 6.0, Diff: 4.1, Sum: 12.3]
      [Update RS (ms): Min: 0.0, Avg: 2.3, Max: 3.3, Diff: 3.3, Sum: 9.3]
         [Processed Buffers: Min: 0, Avg: 9.5, Max: 35, Diff: 35, Sum: 38]
      [Scan RS (ms): Min: 0.0, Avg: 0.1, Max: 0.4, Diff: 0.4, Sum: 0.4]
      [Code Root Scanning (ms): Min: 0.0, Avg: 0.7, Max: 1.7, Diff: 1.7, Sum: 2.7]
      [Object Copy (ms): Min: 13.1, Avg: 14.1, Max: 15.0, Diff: 1.8, Sum: 56.4]
      [Termination (ms): Min: 0.7, Avg: 0.9, Max: 1.1, Diff: 0.4, Sum: 3.8]
         [Termination Attempts: Min: 36, Avg: 38.5, Max: 42, Diff: 6, Sum: 154]
      [GC Worker Other (ms): Min: 0.0, Avg: 0.0, Max: 0.0, Diff: 0.0, Sum: 0.1]
      [GC Worker Total (ms): Min: 20.9, Avg: 21.2, Max: 21.5, Diff: 0.6, Sum: 85.0]
      [GC Worker End (ms): Min: 5112462.0, Avg: 5112462.0, Max: 5112462.0, Diff: 0.0]
   [Code Root Fixup: 0.0 ms]
   [Code Root Purge: 0.0 ms]
   [Clear CT: 0.1 ms]
   [Other: 2.8 ms]
      [Choose CSet: 0.0 ms]
      [Ref Proc: 0.7 ms]
      [Ref Enq: 0.0 ms]
      [Redirty Cards: 0.0 ms]
      [Humongous Register: 1.5 ms]
      [Humongous Reclaim: 0.0 ms]
      [Free CSet: 0.1 ms]
   [Eden: 46.0M(46.0M)->0.0B(46.0M) Survivors: 5120.0K->5120.0K Heap: 200.5M(1024.0M)->155.0M(1024.0M)]
 [Times: user=0.03 sys=0.05, real=0.03 secs] 
2019-06-15T16:24:54.291-0300: 5714.268: [GC pause (G1 Evacuation Pause) (young), 0.0187878 secs]
   [Parallel Time: 14.7 ms, GC Workers: 4]
      [GC Worker Start (ms): Min: 5714271.0, Avg: 5714271.1, Max: 5714271.2, Diff: 0.1]
      [Ext Root Scanning (ms): Min: 2.2, Avg: 3.2, Max: 6.3, Diff: 4.1, Sum: 12.9]
      [Update RS (ms): Min: 0.0, Avg: 2.6, Max: 3.7, Diff: 3.7, Sum: 10.2]
         [Processed Buffers: Min: 0, Avg: 10.0, Max: 24, Diff: 24, Sum: 40]
      [Scan RS (ms): Min: 0.0, Avg: 0.1, Max: 0.2, Diff: 0.2, Sum: 0.4]
      [Code Root Scanning (ms): Min: 0.0, Avg: 0.2, Max: 0.5, Diff: 0.5, Sum: 1.0]
      [Object Copy (ms): Min: 8.2, Avg: 8.3, Max: 8.4, Diff: 0.2, Sum: 33.2]
      [Termination (ms): Min: 0.0, Avg: 0.0, Max: 0.1, Diff: 0.0, Sum: 0.1]
         [Termination Attempts: Min: 2, Avg: 2.5, Max: 3, Diff: 1, Sum: 10]
      [GC Worker Other (ms): Min: 0.0, Avg: 0.0, Max: 0.1, Diff: 0.0, Sum: 0.2]
      [GC Worker Total (ms): Min: 14.4, Avg: 14.5, Max: 14.5, Diff: 0.1, Sum: 57.9]
      [GC Worker End (ms): Min: 5714285.6, Avg: 5714285.6, Max: 5714285.6, Diff: 0.0]
   [Code Root Fixup: 0.0 ms]
   [Code Root Purge: 0.0 ms]
   [Clear CT: 0.1 ms]
   [Other: 4.0 ms]
      [Choose CSet: 0.0 ms]
      [Ref Proc: 1.1 ms]
      [Ref Enq: 0.0 ms]
      [Redirty Cards: 0.0 ms]
      [Humongous Register: 2.2 ms]
      [Humongous Reclaim: 0.0 ms]
      [Free CSet: 0.1 ms]
   [Eden: 46.0M(46.0M)->0.0B(47.0M) Survivors: 5120.0K->4096.0K Heap: 201.0M(1024.0M)->154.0M(1024.0M)]
 [Times: user=0.03 sys=0.02, real=0.02 secs] 
2019-06-15T16:35:29.202-0300: 6349.173: [GC pause (G1 Evacuation Pause) (young), 0.0119597 secs]
   [Parallel Time: 10.4 ms, GC Workers: 4]
      [GC Worker Start (ms): Min: 6349172.8, Avg: 6349172.8, Max: 6349172.8, Diff: 0.1]
      [Ext Root Scanning (ms): Min: 0.7, Avg: 0.9, Max: 1.2, Diff: 0.5, Sum: 3.4]
      [Update RS (ms): Min: 0.4, Avg: 0.7, Max: 0.8, Diff: 0.5, Sum: 2.8]
         [Processed Buffers: Min: 1, Avg: 10.0, Max: 17, Diff: 16, Sum: 40]
      [Scan RS (ms): Min: 0.0, Avg: 1.5, Max: 5.9, Diff: 5.8, Sum: 6.1]
      [Code Root Scanning (ms): Min: 0.0, Avg: 0.2, Max: 0.6, Diff: 0.6, Sum: 1.0]
      [Object Copy (ms): Min: 2.9, Avg: 7.0, Max: 8.8, Diff: 5.8, Sum: 28.2]
      [Termination (ms): Min: 0.0, Avg: 0.0, Max: 0.0, Diff: 0.0, Sum: 0.0]
         [Termination Attempts: Min: 1, Avg: 1.0, Max: 1, Diff: 0, Sum: 4]
      [GC Worker Other (ms): Min: 0.0, Avg: 0.0, Max: 0.0, Diff: 0.0, Sum: 0.1]
      [GC Worker Total (ms): Min: 10.4, Avg: 10.4, Max: 10.4, Diff: 0.0, Sum: 41.5]
      [GC Worker End (ms): Min: 6349183.2, Avg: 6349183.2, Max: 6349183.2, Diff: 0.0]
   [Code Root Fixup: 0.0 ms]
   [Code Root Purge: 0.0 ms]
   [Clear CT: 0.1 ms]
   [Other: 1.4 ms]
      [Choose CSet: 0.0 ms]
      [Ref Proc: 0.9 ms]
      [Ref Enq: 0.0 ms]
      [Redirty Cards: 0.0 ms]
      [Humongous Register: 0.0 ms]
      [Humongous Reclaim: 0.0 ms]
      [Free CSet: 0.0 ms]
   [Eden: 47.0M(47.0M)->0.0B(46.0M) Survivors: 4096.0K->5120.0K Heap: 201.0M(1024.0M)->154.5M(1024.0M)]
 [Times: user=0.02 sys=0.01, real=0.01 secs] 
2019-06-15T16:46:01.142-0300: 6981.104: [GC pause (G1 Evacuation Pause) (young), 0.0080544 secs]
   [Parallel Time: 6.7 ms, GC Workers: 4]
      [GC Worker Start (ms): Min: 6981104.4, Avg: 6981104.5, Max: 6981104.5, Diff: 0.0]
      [Ext Root Scanning (ms): Min: 0.5, Avg: 0.6, Max: 0.6, Diff: 0.1, Sum: 2.2]
      [Update RS (ms): Min: 0.6, Avg: 0.6, Max: 0.7, Diff: 0.1, Sum: 2.4]
         [Processed Buffers: Min: 1, Avg: 10.8, Max: 17, Diff: 16, Sum: 43]
      [Scan RS (ms): Min: 0.1, Avg: 0.2, Max: 0.4, Diff: 0.3, Sum: 0.8]
      [Code Root Scanning (ms): Min: 0.0, Avg: 0.3, Max: 0.7, Diff: 0.7, Sum: 1.1]
      [Object Copy (ms): Min: 4.7, Avg: 5.0, Max: 5.3, Diff: 0.6, Sum: 20.0]
      [Termination (ms): Min: 0.0, Avg: 0.0, Max: 0.0, Diff: 0.0, Sum: 0.0]
         [Termination Attempts: Min: 1, Avg: 1.0, Max: 1, Diff: 0, Sum: 4]
      [GC Worker Other (ms): Min: 0.0, Avg: 0.0, Max: 0.0, Diff: 0.0, Sum: 0.1]
      [GC Worker Total (ms): Min: 6.6, Avg: 6.7, Max: 6.7, Diff: 0.0, Sum: 26.7]
      [GC Worker End (ms): Min: 6981111.1, Avg: 6981111.1, Max: 6981111.2, Diff: 0.0]
   [Code Root Fixup: 0.0 ms]
   [Code Root Purge: 0.0 ms]
   [Clear CT: 0.1 ms]
   [Other: 1.2 ms]
      [Choose CSet: 0.0 ms]
      [Ref Proc: 0.9 ms]
      [Ref Enq: 0.0 ms]
      [Redirty Cards: 0.1 ms]
      [Humongous Register: 0.0 ms]
      [Humongous Reclaim: 0.0 ms]
      [Free CSet: 0.0 ms]
   [Eden: 46.0M(46.0M)->0.0B(66.0M) Survivors: 5120.0K->5120.0K Heap: 200.5M(1024.0M)->154.5M(1024.0M)]
 [Times: user=0.03 sys=0.00, real=0.01 secs] 
2019-06-15T16:58:21.031-0300: 7720.986: [GC pause (G1 Evacuation Pause) (young), 0.0212703 secs]
   [Parallel Time: 17.2 ms, GC Workers: 4]
      [GC Worker Start (ms): Min: 7720989.1, Avg: 7720989.2, Max: 7720989.3, Diff: 0.2]
      [Ext Root Scanning (ms): Min: 3.0, Avg: 4.0, Max: 6.7, Diff: 3.7, Sum: 16.0]
      [Update RS (ms): Min: 0.0, Avg: 1.0, Max: 1.6, Diff: 1.6, Sum: 4.1]
         [Processed Buffers: Min: 0, Avg: 11.0, Max: 18, Diff: 18, Sum: 44]
      [Scan RS (ms): Min: 0.0, Avg: 0.1, Max: 0.2, Diff: 0.2, Sum: 0.2]
      [Code Root Scanning (ms): Min: 0.0, Avg: 0.3, Max: 0.7, Diff: 0.7, Sum: 1.1]
      [Object Copy (ms): Min: 10.3, Avg: 11.5, Max: 12.2, Diff: 1.9, Sum: 46.0]
      [Termination (ms): Min: 0.0, Avg: 0.0, Max: 0.0, Diff: 0.0, Sum: 0.0]
         [Termination Attempts: Min: 1, Avg: 1.0, Max: 1, Diff: 0, Sum: 4]
      [GC Worker Other (ms): Min: 0.0, Avg: 0.0, Max: 0.1, Diff: 0.0, Sum: 0.1]
      [GC Worker Total (ms): Min: 16.8, Avg: 16.9, Max: 17.0, Diff: 0.2, Sum: 67.6]
      [GC Worker End (ms): Min: 7721006.1, Avg: 7721006.1, Max: 7721006.1, Diff: 0.0]
   [Code Root Fixup: 0.0 ms]
   [Code Root Purge: 0.0 ms]
   [Clear CT: 0.1 ms]
   [Other: 4.0 ms]
      [Choose CSet: 0.0 ms]
      [Ref Proc: 0.4 ms]
      [Ref Enq: 0.0 ms]
      [Redirty Cards: 0.0 ms]
      [Humongous Register: 2.5 ms]
      [Humongous Reclaim: 0.0 ms]
      [Free CSet: 0.1 ms]
   [Eden: 66.0M(66.0M)->0.0B(49.0M) Survivors: 5120.0K->5120.0K Heap: 220.5M(1024.0M)->154.5M(1024.0M)]
 [Times: user=0.02 sys=0.03, real=0.02 secs] 
2019-06-15T17:08:57.585-0300: 8357.533: [GC pause (G1 Evacuation Pause) (young), 0.0196674 secs]
   [Parallel Time: 16.4 ms, GC Workers: 4]
      [GC Worker Start (ms): Min: 8357535.3, Avg: 8357535.4, Max: 8357535.4, Diff: 0.1]
      [Ext Root Scanning (ms): Min: 2.1, Avg: 3.0, Max: 5.4, Diff: 3.3, Sum: 11.9]
      [Update RS (ms): Min: 0.0, Avg: 1.0, Max: 1.6, Diff: 1.6, Sum: 4.2]
         [Processed Buffers: Min: 0, Avg: 10.0, Max: 28, Diff: 28, Sum: 40]
      [Scan RS (ms): Min: 0.0, Avg: 0.0, Max: 0.1, Diff: 0.1, Sum: 0.1]
      [Code Root Scanning (ms): Min: 0.0, Avg: 0.5, Max: 1.0, Diff: 1.0, Sum: 2.1]
      [Object Copy (ms): Min: 10.8, Avg: 11.6, Max: 12.4, Diff: 1.5, Sum: 46.5]
      [Termination (ms): Min: 0.0, Avg: 0.0, Max: 0.0, Diff: 0.0, Sum: 0.0]
         [Termination Attempts: Min: 1, Avg: 1.0, Max: 1, Diff: 0, Sum: 4]
      [GC Worker Other (ms): Min: 0.0, Avg: 0.0, Max: 0.1, Diff: 0.0, Sum: 0.1]
      [GC Worker Total (ms): Min: 16.2, Avg: 16.2, Max: 16.3, Diff: 0.1, Sum: 64.9]
      [GC Worker End (ms): Min: 8357551.6, Avg: 8357551.6, Max: 8357551.6, Diff: 0.0]
   [Code Root Fixup: 0.0 ms]
   [Code Root Purge: 0.0 ms]
   [Clear CT: 0.1 ms]
   [Other: 3.2 ms]
      [Choose CSet: 0.0 ms]
      [Ref Proc: 0.3 ms]
      [Ref Enq: 0.0 ms]
      [Redirty Cards: 0.0 ms]
      [Humongous Register: 1.9 ms]
      [Humongous Reclaim: 0.0 ms]
      [Free CSet: 0.1 ms]
   [Eden: 49.0M(49.0M)->0.0B(47.0M) Survivors: 5120.0K->4096.0K Heap: 203.5M(1024.0M)->154.0M(1024.0M)]
 [Times: user=0.03 sys=0.03, real=0.02 secs] 
2019-06-15T17:19:41.130-0300: 9001.069: [GC pause (G1 Evacuation Pause) (young), 0.0082954 secs]
   [Parallel Time: 7.3 ms, GC Workers: 4]
      [GC Worker Start (ms): Min: 9001069.4, Avg: 9001069.4, Max: 9001069.4, Diff: 0.0]
      [Ext Root Scanning (ms): Min: 0.3, Avg: 0.4, Max: 0.5, Diff: 0.2, Sum: 1.6]
      [Update RS (ms): Min: 0.4, Avg: 0.6, Max: 1.1, Diff: 0.7, Sum: 2.4]
         [Processed Buffers: Min: 1, Avg: 10.0, Max: 23, Diff: 22, Sum: 40]
      [Scan RS (ms): Min: 0.0, Avg: 0.0, Max: 0.0, Diff: 0.0, Sum: 0.0]
      [Code Root Scanning (ms): Min: 0.0, Avg: 0.2, Max: 0.4, Diff: 0.4, Sum: 0.7]
      [Object Copy (ms): Min: 5.3, Avg: 5.8, Max: 6.2, Diff: 0.9, Sum: 23.1]
      [Termination (ms): Min: 0.0, Avg: 0.2, Max: 0.5, Diff: 0.5, Sum: 1.0]
         [Termination Attempts: Min: 2, Avg: 3.5, Max: 5, Diff: 3, Sum: 14]
      [GC Worker Other (ms): Min: 0.0, Avg: 0.0, Max: 0.0, Diff: 0.0, Sum: 0.0]
      [GC Worker Total (ms): Min: 7.2, Avg: 7.2, Max: 7.2, Diff: 0.1, Sum: 28.7]
      [GC Worker End (ms): Min: 9001076.6, Avg: 9001076.6, Max: 9001076.7, Diff: 0.1]
   [Code Root Fixup: 0.0 ms]
   [Code Root Purge: 0.0 ms]
   [Clear CT: 0.0 ms]
   [Other: 0.9 ms]
      [Choose CSet: 0.0 ms]
      [Ref Proc: 0.6 ms]
      [Ref Enq: 0.0 ms]
      [Redirty Cards: 0.1 ms]
      [Humongous Register: 0.0 ms]
      [Humongous Reclaim: 0.0 ms]
      [Free CSet: 0.1 ms]
   [Eden: 47.0M(47.0M)->0.0B(175.0M) Survivors: 4096.0K->5120.0K Heap: 201.0M(1024.0M)->154.5M(1024.0M)]
 [Times: user=0.02 sys=0.00, real=0.00 secs] 
2019-06-15T18:01:23.676-0300: 11366.929: [GC pause (G1 Evacuation Pause) (young), 0.0195194 secs]
   [Parallel Time: 15.6 ms, GC Workers: 4]
      [GC Worker Start (ms): Min: 11366931.1, Avg: 11366931.1, Max: 11366931.2, Diff: 0.1]
      [Ext Root Scanning (ms): Min: 2.1, Avg: 3.3, Max: 6.6, Diff: 4.4, Sum: 13.1]
      [Update RS (ms): Min: 0.0, Avg: 1.5, Max: 2.3, Diff: 2.3, Sum: 6.0]
         [Processed Buffers: Min: 0, Avg: 9.8, Max: 17, Diff: 17, Sum: 39]
      [Scan RS (ms): Min: 0.0, Avg: 0.0, Max: 0.0, Diff: 0.0, Sum: 0.1]
      [Code Root Scanning (ms): Min: 0.0, Avg: 0.4, Max: 0.9, Diff: 0.9, Sum: 1.8]
      [Object Copy (ms): Min: 6.3, Avg: 7.5, Max: 8.1, Diff: 1.8, Sum: 30.1]
      [Termination (ms): Min: 0.0, Avg: 0.0, Max: 0.0, Diff: 0.0, Sum: 0.0]
         [Termination Attempts: Min: 1, Avg: 1.0, Max: 1, Diff: 0, Sum: 4]
      [GC Worker Other (ms): Min: 0.0, Avg: 0.7, Max: 2.6, Diff: 2.6, Sum: 2.8]
      [GC Worker Total (ms): Min: 12.8, Avg: 13.5, Max: 15.3, Diff: 2.5, Sum: 53.9]
      [GC Worker End (ms): Min: 11366944.0, Avg: 11366944.6, Max: 11366946.5, Diff: 2.6]
   [Code Root Fixup: 0.0 ms]
   [Code Root Purge: 0.0 ms]
   [Clear CT: 0.2 ms]
   [Other: 3.7 ms]
      [Choose CSet: 0.0 ms]
      [Ref Proc: 0.9 ms]
      [Ref Enq: 0.0 ms]
      [Redirty Cards: 0.0 ms]
      [Humongous Register: 1.8 ms]
      [Humongous Reclaim: 0.0 ms]
      [Free CSet: 0.3 ms]
   [Eden: 175.0M(175.0M)->0.0B(159.0M) Survivors: 5120.0K->5120.0K Heap: 329.5M(1024.0M)->155.0M(1024.0M)]
 [Times: user=0.03 sys=0.03, real=0.02 secs] 
2019-06-15T18:36:36.495-0300: 13426.853: [GC pause (G1 Evacuation Pause) (young), 0.0400442 secs]
   [Parallel Time: 32.7 ms, GC Workers: 4]
      [GC Worker Start (ms): Min: 13426857.9, Avg: 13426858.0, Max: 13426858.1, Diff: 0.2]
      [Ext Root Scanning (ms): Min: 1.8, Avg: 2.5, Max: 4.0, Diff: 2.2, Sum: 10.0]
      [Update RS (ms): Min: 0.4, Avg: 1.5, Max: 2.0, Diff: 1.6, Sum: 6.0]
         [Processed Buffers: Min: 10, Avg: 12.8, Max: 17, Diff: 7, Sum: 51]
      [Scan RS (ms): Min: 0.0, Avg: 0.0, Max: 0.0, Diff: 0.0, Sum: 0.1]
      [Code Root Scanning (ms): Min: 0.0, Avg: 0.3, Max: 0.8, Diff: 0.8, Sum: 1.4]
      [Object Copy (ms): Min: 27.1, Avg: 27.3, Max: 27.6, Diff: 0.5, Sum: 109.3]
      [Termination (ms): Min: 0.0, Avg: 0.0, Max: 0.0, Diff: 0.0, Sum: 0.0]
         [Termination Attempts: Min: 1, Avg: 1.0, Max: 1, Diff: 0, Sum: 4]
      [GC Worker Other (ms): Min: 0.7, Avg: 0.8, Max: 0.9, Diff: 0.2, Sum: 3.3]
      [GC Worker Total (ms): Min: 32.4, Avg: 32.5, Max: 32.6, Diff: 0.2, Sum: 130.0]
      [GC Worker End (ms): Min: 13426890.5, Avg: 13426890.5, Max: 13426890.5, Diff: 0.0]
   [Code Root Fixup: 0.0 ms]
   [Code Root Purge: 0.0 ms]
   [Clear CT: 0.2 ms]
   [Other: 7.1 ms]
      [Choose CSet: 0.0 ms]
      [Ref Proc: 1.2 ms]
      [Ref Enq: 0.0 ms]
      [Redirty Cards: 0.1 ms]
      [Humongous Register: 2.6 ms]
      [Humongous Reclaim: 0.0 ms]
      [Free CSet: 0.3 ms]
   [Eden: 159.0M(159.0M)->0.0B(46.0M) Survivors: 5120.0K->5120.0K Heap: 314.0M(1024.0M)->154.5M(1024.0M)]
 [Times: user=0.03 sys=0.05, real=0.04 secs] 
2019-06-15T18:45:57.612-0300: 13987.964: [GC pause (G1 Evacuation Pause) (young), 0.0193119 secs]
   [Parallel Time: 16.7 ms, GC Workers: 4]
      [GC Worker Start (ms): Min: 13987965.6, Avg: 13987965.7, Max: 13987965.8, Diff: 0.1]
      [Ext Root Scanning (ms): Min: 2.1, Avg: 2.9, Max: 5.2, Diff: 3.2, Sum: 11.5]
      [Update RS (ms): Min: 0.0, Avg: 1.9, Max: 2.6, Diff: 2.6, Sum: 7.5]
         [Processed Buffers: Min: 0, Avg: 10.0, Max: 23, Diff: 23, Sum: 40]
      [Scan RS (ms): Min: 0.0, Avg: 0.0, Max: 0.0, Diff: 0.0, Sum: 0.0]
      [Code Root Scanning (ms): Min: 0.0, Avg: 0.3, Max: 0.7, Diff: 0.7, Sum: 1.1]
      [Object Copy (ms): Min: 11.3, Avg: 11.4, Max: 11.7, Diff: 0.4, Sum: 45.7]
      [Termination (ms): Min: 0.0, Avg: 0.0, Max: 0.0, Diff: 0.0, Sum: 0.0]
         [Termination Attempts: Min: 1, Avg: 1.0, Max: 1, Diff: 0, Sum: 4]
      [GC Worker Other (ms): Min: 0.0, Avg: 0.0, Max: 0.1, Diff: 0.0, Sum: 0.2]
      [GC Worker Total (ms): Min: 16.5, Avg: 16.5, Max: 16.6, Diff: 0.1, Sum: 66.0]
      [GC Worker End (ms): Min: 13987982.2, Avg: 13987982.2, Max: 13987982.2, Diff: 0.0]
   [Code Root Fixup: 0.0 ms]
   [Code Root Purge: 0.0 ms]
   [Clear CT: 0.1 ms]
   [Other: 2.6 ms]
      [Choose CSet: 0.0 ms]
      [Ref Proc: 0.3 ms]
      [Ref Enq: 0.0 ms]
      [Redirty Cards: 0.0 ms]
      [Humongous Register: 1.6 ms]
      [Humongous Reclaim: 0.0 ms]
      [Free CSet: 0.1 ms]
   [Eden: 46.0M(46.0M)->0.0B(46.0M) Survivors: 5120.0K->5120.0K Heap: 200.5M(1024.0M)->154.6M(1024.0M)]
 [Times: user=0.03 sys=0.04, real=0.02 secs] 
2019-06-15T18:53:33.926-0300: 14444.272: [GC pause (G1 Evacuation Pause) (young), 0.0236006 secs]
   [Parallel Time: 20.3 ms, GC Workers: 4]
      [GC Worker Start (ms): Min: 14444274.9, Avg: 14444275.1, Max: 14444275.6, Diff: 0.7]
      [Ext Root Scanning (ms): Min: 2.5, Avg: 4.2, Max: 7.7, Diff: 5.2, Sum: 16.8]
      [Update RS (ms): Min: 0.0, Avg: 2.1, Max: 3.3, Diff: 3.3, Sum: 8.5]
         [Processed Buffers: Min: 0, Avg: 9.5, Max: 19, Diff: 19, Sum: 38]
      [Scan RS (ms): Min: 0.0, Avg: 0.0, Max: 0.0, Diff: 0.0, Sum: 0.0]
      [Code Root Scanning (ms): Min: 0.0, Avg: 0.4, Max: 0.8, Diff: 0.8, Sum: 1.4]
      [Object Copy (ms): Min: 12.5, Avg: 13.3, Max: 13.7, Diff: 1.2, Sum: 53.3]
      [Termination (ms): Min: 0.0, Avg: 0.0, Max: 0.0, Diff: 0.0, Sum: 0.0]
         [Termination Attempts: Min: 1, Avg: 1.0, Max: 1, Diff: 0, Sum: 4]
      [GC Worker Other (ms): Min: 0.0, Avg: 0.0, Max: 0.1, Diff: 0.0, Sum: 0.1]
      [GC Worker Total (ms): Min: 19.5, Avg: 20.0, Max: 20.2, Diff: 0.7, Sum: 80.2]
      [GC Worker End (ms): Min: 14444295.1, Avg: 14444295.1, Max: 14444295.1, Diff: 0.0]
   [Code Root Fixup: 0.0 ms]
   [Code Root Purge: 0.0 ms]
   [Clear CT: 0.1 ms]
   [Other: 3.2 ms]
      [Choose CSet: 0.0 ms]
      [Ref Proc: 0.2 ms]
      [Ref Enq: 0.0 ms]
      [Redirty Cards: 0.1 ms]
      [Humongous Register: 2.0 ms]
      [Humongous Reclaim: 0.0 ms]
      [Free CSet: 0.2 ms]
   [Eden: 46.0M(46.0M)->0.0B(46.0M) Survivors: 5120.0K->5120.0K Heap: 200.6M(1024.0M)->154.6M(1024.0M)]
 [Times: user=0.02 sys=0.04, real=0.03 secs] 
2019-06-15T19:03:53.938-0300: 15064.276: [GC pause (G1 Evacuation Pause) (young), 0.0320629 secs]
   [Parallel Time: 28.2 ms, GC Workers: 4]
      [GC Worker Start (ms): Min: 15064279.3, Avg: 15064279.4, Max: 15064279.5, Diff: 0.2]
      [Ext Root Scanning (ms): Min: 2.0, Avg: 3.4, Max: 7.5, Diff: 5.5, Sum: 13.5]
      [Update RS (ms): Min: 0.0, Avg: 2.0, Max: 2.9, Diff: 2.9, Sum: 8.1]
         [Processed Buffers: Min: 0, Avg: 9.5, Max: 14, Diff: 14, Sum: 38]
      [Scan RS (ms): Min: 0.0, Avg: 0.0, Max: 0.0, Diff: 0.0, Sum: 0.0]
      [Code Root Scanning (ms): Min: 0.0, Avg: 0.4, Max: 0.9, Diff: 0.9, Sum: 1.6]
      [Object Copy (ms): Min: 19.6, Avg: 21.3, Max: 22.5, Diff: 2.9, Sum: 85.0]
      [Termination (ms): Min: 0.6, Avg: 0.9, Max: 1.3, Diff: 0.7, Sum: 3.8]
         [Termination Attempts: Min: 12, Avg: 14.0, Max: 15, Diff: 3, Sum: 56]
      [GC Worker Other (ms): Min: 0.0, Avg: 0.0, Max: 0.1, Diff: 0.1, Sum: 0.2]
      [GC Worker Total (ms): Min: 28.0, Avg: 28.1, Max: 28.2, Diff: 0.2, Sum: 112.2]
      [GC Worker End (ms): Min: 15064307.4, Avg: 15064307.5, Max: 15064307.5, Diff: 0.1]
   [Code Root Fixup: 0.0 ms]
   [Code Root Purge: 0.1 ms]
   [Clear CT: 0.1 ms]
   [Other: 3.7 ms]
      [Choose CSet: 0.0 ms]
      [Ref Proc: 0.2 ms]
      [Ref Enq: 0.0 ms]
      [Redirty Cards: 0.0 ms]
      [Humongous Register: 2.5 ms]
      [Humongous Reclaim: 0.0 ms]
      [Free CSet: 0.2 ms]
   [Eden: 46.0M(46.0M)->0.0B(46.0M) Survivors: 5120.0K->5120.0K Heap: 200.6M(1024.0M)->155.1M(1024.0M)]
 [Times: user=0.03 sys=0.05, real=0.04 secs] 
2019-06-15T19:14:24.067-0300: 15694.397: [GC pause (G1 Evacuation Pause) (young), 0.0308074 secs]
   [Parallel Time: 27.0 ms, GC Workers: 4]
      [GC Worker Start (ms): Min: 15694400.2, Avg: 15694400.3, Max: 15694400.4, Diff: 0.2]
      [Ext Root Scanning (ms): Min: 3.0, Avg: 4.3, Max: 7.9, Diff: 4.9, Sum: 17.2]
      [Update RS (ms): Min: 0.0, Avg: 2.0, Max: 2.9, Diff: 2.9, Sum: 7.9]
         [Processed Buffers: Min: 0, Avg: 9.2, Max: 26, Diff: 26, Sum: 37]
      [Scan RS (ms): Min: 0.0, Avg: 0.0, Max: 0.0, Diff: 0.0, Sum: 0.0]
      [Code Root Scanning (ms): Min: 0.0, Avg: 0.4, Max: 1.2, Diff: 1.2, Sum: 1.7]
      [Object Copy (ms): Min: 16.5, Avg: 17.9, Max: 18.8, Diff: 2.3, Sum: 71.5]
      [Termination (ms): Min: 1.7, Avg: 2.2, Max: 2.7, Diff: 1.0, Sum: 8.7]
         [Termination Attempts: Min: 106, Avg: 108.2, Max: 110, Diff: 4, Sum: 433]
      [GC Worker Other (ms): Min: 0.0, Avg: 0.1, Max: 0.1, Diff: 0.0, Sum: 0.2]
      [GC Worker Total (ms): Min: 26.7, Avg: 26.8, Max: 26.9, Diff: 0.2, Sum: 107.2]
      [GC Worker End (ms): Min: 15694427.1, Avg: 15694427.1, Max: 15694427.1, Diff: 0.0]
   [Code Root Fixup: 0.0 ms]
   [Code Root Purge: 0.0 ms]
   [Clear CT: 0.0 ms]
   [Other: 3.8 ms]
      [Choose CSet: 0.0 ms]
      [Ref Proc: 0.3 ms]
      [Ref Enq: 0.0 ms]
      [Redirty Cards: 0.0 ms]
      [Humongous Register: 2.4 ms]
      [Humongous Reclaim: 0.0 ms]
      [Free CSet: 0.1 ms]
   [Eden: 46.0M(46.0M)->0.0B(46.0M) Survivors: 5120.0K->5120.0K Heap: 201.1M(1024.0M)->155.7M(1024.0M)]
 [Times: user=0.04 sys=0.06, real=0.04 secs] 
2019-06-15T19:24:13.949-0300: 16284.272: [GC pause (G1 Evacuation Pause) (young), 0.0205437 secs]
   [Parallel Time: 17.4 ms, GC Workers: 4]
      [GC Worker Start (ms): Min: 16284274.7, Avg: 16284274.8, Max: 16284274.9, Diff: 0.2]
      [Ext Root Scanning (ms): Min: 2.6, Avg: 3.9, Max: 7.4, Diff: 4.8, Sum: 15.6]
      [Update RS (ms): Min: 0.0, Avg: 2.3, Max: 3.2, Diff: 3.2, Sum: 9.0]
         [Processed Buffers: Min: 0, Avg: 10.2, Max: 21, Diff: 21, Sum: 41]
      [Scan RS (ms): Min: 0.0, Avg: 0.0, Max: 0.0, Diff: 0.0, Sum: 0.0]
      [Code Root Scanning (ms): Min: 0.0, Avg: 0.0, Max: 0.0, Diff: 0.0, Sum: 0.0]
      [Object Copy (ms): Min: 9.4, Avg: 10.6, Max: 11.3, Diff: 1.8, Sum: 42.6]
      [Termination (ms): Min: 0.0, Avg: 0.3, Max: 0.4, Diff: 0.4, Sum: 1.0]
         [Termination Attempts: Min: 1, Avg: 1.5, Max: 2, Diff: 1, Sum: 6]
      [GC Worker Other (ms): Min: 0.0, Avg: 0.0, Max: 0.0, Diff: 0.0, Sum: 0.2]
      [GC Worker Total (ms): Min: 16.9, Avg: 17.1, Max: 17.2, Diff: 0.3, Sum: 68.4]
      [GC Worker End (ms): Min: 16284291.8, Avg: 16284291.9, Max: 16284292.0, Diff: 0.2]
   [Code Root Fixup: 0.0 ms]
   [Code Root Purge: 0.0 ms]
   [Clear CT: 0.0 ms]
   [Other: 3.1 ms]
      [Choose CSet: 0.0 ms]
      [Ref Proc: 0.2 ms]
      [Ref Enq: 0.0 ms]
      [Redirty Cards: 0.0 ms]
      [Humongous Register: 2.1 ms]
      [Humongous Reclaim: 0.0 ms]
      [Free CSet: 0.1 ms]
   [Eden: 46.0M(46.0M)->0.0B(47.0M) Survivors: 5120.0K->4096.0K Heap: 201.7M(1024.0M)->155.8M(1024.0M)]
 [Times: user=0.02 sys=0.02, real=0.03 secs] 
2019-06-15T19:35:03.958-0300: 16934.276: [GC pause (G1 Evacuation Pause) (young), 0.0179173 secs]
   [Parallel Time: 14.1 ms, GC Workers: 4]
      [GC Worker Start (ms): Min: 16934279.3, Avg: 16934279.4, Max: 16934279.4, Diff: 0.1]
      [Ext Root Scanning (ms): Min: 2.9, Avg: 4.2, Max: 8.2, Diff: 5.3, Sum: 17.0]
      [Update RS (ms): Min: 0.0, Avg: 2.3, Max: 3.3, Diff: 3.3, Sum: 9.0]
         [Processed Buffers: Min: 0, Avg: 10.2, Max: 20, Diff: 20, Sum: 41]
      [Scan RS (ms): Min: 0.0, Avg: 0.4, Max: 0.7, Diff: 0.7, Sum: 1.5]
      [Code Root Scanning (ms): Min: 0.0, Avg: 0.0, Max: 0.0, Diff: 0.0, Sum: 0.0]
      [Object Copy (ms): Min: 5.8, Avg: 7.1, Max: 7.5, Diff: 1.7, Sum: 28.3]
      [Termination (ms): Min: 0.0, Avg: 0.0, Max: 0.0, Diff: 0.0, Sum: 0.0]
         [Termination Attempts: Min: 1, Avg: 1.2, Max: 2, Diff: 1, Sum: 5]
      [GC Worker Other (ms): Min: 0.0, Avg: 0.0, Max: 0.0, Diff: 0.0, Sum: 0.2]
      [GC Worker Total (ms): Min: 13.9, Avg: 14.0, Max: 14.1, Diff: 0.1, Sum: 56.0]
      [GC Worker End (ms): Min: 16934293.4, Avg: 16934293.4, Max: 16934293.4, Diff: 0.0]
   [Code Root Fixup: 0.0 ms]
   [Code Root Purge: 0.0 ms]
   [Clear CT: 0.1 ms]
   [Other: 3.7 ms]
      [Choose CSet: 0.0 ms]
      [Ref Proc: 0.2 ms]
      [Ref Enq: 0.0 ms]
      [Redirty Cards: 0.0 ms]
      [Humongous Register: 2.6 ms]
      [Humongous Reclaim: 0.0 ms]
      [Free CSet: 0.1 ms]
   [Eden: 47.0M(47.0M)->0.0B(46.0M) Survivors: 4096.0K->5120.0K Heap: 202.8M(1024.0M)->156.2M(1024.0M)]
 [Times: user=0.02 sys=0.03, real=0.02 secs] 
2019-06-15T19:45:35.991-0300: 17566.301: [GC pause (G1 Evacuation Pause) (young), 0.0107371 secs]
   [Parallel Time: 9.6 ms, GC Workers: 4]
      [GC Worker Start (ms): Min: 17566301.3, Avg: 17566301.4, Max: 17566301.4, Diff: 0.1]
      [Ext Root Scanning (ms): Min: 0.6, Avg: 0.7, Max: 0.8, Diff: 0.2, Sum: 2.8]
      [Update RS (ms): Min: 0.9, Avg: 1.1, Max: 1.3, Diff: 0.4, Sum: 4.2]
         [Processed Buffers: Min: 3, Avg: 10.5, Max: 21, Diff: 18, Sum: 42]
      [Scan RS (ms): Min: 0.0, Avg: 0.0, Max: 0.0, Diff: 0.0, Sum: 0.0]
      [Code Root Scanning (ms): Min: 0.0, Avg: 0.0, Max: 0.0, Diff: 0.0, Sum: 0.0]
      [Object Copy (ms): Min: 7.2, Avg: 7.4, Max: 7.7, Diff: 0.5, Sum: 29.7]
      [Termination (ms): Min: 0.0, Avg: 0.3, Max: 0.4, Diff: 0.4, Sum: 1.0]
         [Termination Attempts: Min: 2, Avg: 4.8, Max: 8, Diff: 6, Sum: 19]
      [GC Worker Other (ms): Min: 0.0, Avg: 0.0, Max: 0.1, Diff: 0.0, Sum: 0.1]
      [GC Worker Total (ms): Min: 9.4, Avg: 9.5, Max: 9.5, Diff: 0.1, Sum: 37.9]
      [GC Worker End (ms): Min: 17566310.8, Avg: 17566310.9, Max: 17566310.9, Diff: 0.0]
   [Code Root Fixup: 0.0 ms]
   [Code Root Purge: 0.0 ms]
   [Clear CT: 0.0 ms]
   [Other: 1.1 ms]
      [Choose CSet: 0.0 ms]
      [Ref Proc: 0.8 ms]
      [Ref Enq: 0.0 ms]
      [Redirty Cards: 0.0 ms]
      [Humongous Register: 0.1 ms]
      [Humongous Reclaim: 0.0 ms]
      [Free CSet: 0.0 ms]
   [Eden: 46.0M(46.0M)->0.0B(46.0M) Survivors: 5120.0K->5120.0K Heap: 202.2M(1024.0M)->156.3M(1024.0M)]
 [Times: user=0.03 sys=0.00, real=0.01 secs] 
2019-06-15T19:55:21.829-0300: 18152.130: [GC pause (G1 Evacuation Pause) (young), 0.0274885 secs]
   [Parallel Time: 24.8 ms, GC Workers: 4]
      [GC Worker Start (ms): Min: 18152132.2, Avg: 18152132.3, Max: 18152132.4, Diff: 0.2]
      [Ext Root Scanning (ms): Min: 2.7, Avg: 3.9, Max: 7.6, Diff: 5.0, Sum: 15.8]
      [Update RS (ms): Min: 0.0, Avg: 1.6, Max: 2.4, Diff: 2.4, Sum: 6.5]
         [Processed Buffers: Min: 0, Avg: 11.2, Max: 21, Diff: 21, Sum: 45]
      [Scan RS (ms): Min: 0.0, Avg: 0.0, Max: 0.0, Diff: 0.0, Sum: 0.0]
      [Code Root Scanning (ms): Min: 0.0, Avg: 0.0, Max: 0.0, Diff: 0.0, Sum: 0.0]
      [Object Copy (ms): Min: 16.3, Avg: 18.0, Max: 18.9, Diff: 2.7, Sum: 72.2]
      [Termination (ms): Min: 0.5, Avg: 0.9, Max: 1.5, Diff: 1.0, Sum: 3.4]
         [Termination Attempts: Min: 2, Avg: 2.5, Max: 3, Diff: 1, Sum: 10]
      [GC Worker Other (ms): Min: 0.0, Avg: 0.0, Max: 0.1, Diff: 0.0, Sum: 0.1]
      [GC Worker Total (ms): Min: 24.4, Avg: 24.5, Max: 24.6, Diff: 0.3, Sum: 98.1]
      [GC Worker End (ms): Min: 18152156.7, Avg: 18152156.8, Max: 18152156.9, Diff: 0.2]
   [Code Root Fixup: 0.0 ms]
   [Code Root Purge: 0.0 ms]
   [Clear CT: 0.0 ms]
   [Other: 2.6 ms]
      [Choose CSet: 0.0 ms]
      [Ref Proc: 0.2 ms]
      [Ref Enq: 0.0 ms]
      [Redirty Cards: 0.0 ms]
      [Humongous Register: 1.8 ms]
      [Humongous Reclaim: 0.0 ms]
      [Free CSet: 0.1 ms]
   [Eden: 46.0M(46.0M)->0.0B(44.0M) Survivors: 5120.0K->7168.0K Heap: 202.3M(1024.0M)->158.3M(1024.0M)]
 [Times: user=0.04 sys=0.04, real=0.03 secs] 
2019-06-15T20:05:28.978-0300: 18759.271: [GC pause (G1 Evacuation Pause) (young), 0.0131230 secs]
   [Parallel Time: 11.5 ms, GC Workers: 4]
      [GC Worker Start (ms): Min: 18759271.2, Avg: 18759271.3, Max: 18759271.3, Diff: 0.0]
      [Ext Root Scanning (ms): Min: 0.5, Avg: 0.6, Max: 0.9, Diff: 0.3, Sum: 2.6]
      [Update RS (ms): Min: 0.8, Avg: 1.0, Max: 1.0, Diff: 0.3, Sum: 3.8]
         [Processed Buffers: Min: 2, Avg: 10.8, Max: 27, Diff: 25, Sum: 43]
      [Scan RS (ms): Min: 0.0, Avg: 0.0, Max: 0.0, Diff: 0.0, Sum: 0.0]
      [Code Root Scanning (ms): Min: 0.0, Avg: 0.0, Max: 0.0, Diff: 0.0, Sum: 0.0]
      [Object Copy (ms): Min: 8.6, Avg: 8.9, Max: 9.5, Diff: 0.9, Sum: 35.5]
      [Termination (ms): Min: 0.0, Avg: 0.7, Max: 1.1, Diff: 1.1, Sum: 3.0]
         [Termination Attempts: Min: 1, Avg: 1.0, Max: 1, Diff: 0, Sum: 4]
      [GC Worker Other (ms): Min: 0.0, Avg: 0.0, Max: 0.0, Diff: 0.0, Sum: 0.1]
      [GC Worker Total (ms): Min: 11.1, Avg: 11.3, Max: 11.4, Diff: 0.3, Sum: 45.0]
      [GC Worker End (ms): Min: 18759282.4, Avg: 18759282.5, Max: 18759282.7, Diff: 0.3]
   [Code Root Fixup: 0.0 ms]
   [Code Root Purge: 0.0 ms]
   [Clear CT: 0.1 ms]
   [Other: 1.5 ms]
      [Choose CSet: 0.0 ms]
      [Ref Proc: 0.8 ms]
      [Ref Enq: 0.0 ms]
      [Redirty Cards: 0.1 ms]
      [Humongous Register: 0.1 ms]
      [Humongous Reclaim: 0.0 ms]
      [Free CSet: 0.2 ms]
   [Eden: 44.0M(44.0M)->0.0B(74.0M) Survivors: 7168.0K->3072.0K Heap: 202.3M(1024.0M)->156.7M(1024.0M)]
 [Times: user=0.03 sys=0.00, real=0.02 secs] 
2019-06-15T20:16:23.051-0300: 19413.337: [GC pause (G1 Evacuation Pause) (young), 0.0281381 secs]
   [Parallel Time: 21.4 ms, GC Workers: 4]
      [GC Worker Start (ms): Min: 19413341.1, Avg: 19413341.3, Max: 19413341.8, Diff: 0.7]
      [Ext Root Scanning (ms): Min: 2.2, Avg: 3.8, Max: 7.3, Diff: 5.1, Sum: 15.4]
      [Update RS (ms): Min: 0.3, Avg: 3.3, Max: 4.4, Diff: 4.1, Sum: 13.3]
         [Processed Buffers: Min: 3, Avg: 11.5, Max: 24, Diff: 21, Sum: 46]
      [Scan RS (ms): Min: 0.0, Avg: 0.4, Max: 0.9, Diff: 0.8, Sum: 1.5]
      [Code Root Scanning (ms): Min: 0.0, Avg: 0.0, Max: 0.0, Diff: 0.0, Sum: 0.0]
      [Object Copy (ms): Min: 13.0, Avg: 13.5, Max: 13.7, Diff: 0.7, Sum: 53.9]
      [Termination (ms): Min: 0.0, Avg: 0.0, Max: 0.0, Diff: 0.0, Sum: 0.0]
         [Termination Attempts: Min: 1, Avg: 1.0, Max: 1, Diff: 0, Sum: 4]
      [GC Worker Other (ms): Min: 0.0, Avg: 0.1, Max: 0.3, Diff: 0.3, Sum: 0.5]
      [GC Worker Total (ms): Min: 20.7, Avg: 21.1, Max: 21.4, Diff: 0.7, Sum: 84.6]
      [GC Worker End (ms): Min: 19413362.4, Avg: 19413362.4, Max: 19413362.5, Diff: 0.0]
   [Code Root Fixup: 0.0 ms]
   [Code Root Purge: 0.0 ms]
   [Clear CT: 0.1 ms]
   [Other: 6.6 ms]
      [Choose CSet: 0.0 ms]
      [Ref Proc: 1.5 ms]
      [Ref Enq: 0.0 ms]
      [Redirty Cards: 0.1 ms]
      [Humongous Register: 3.9 ms]
      [Humongous Reclaim: 0.0 ms]
      [Free CSet: 0.2 ms]
   [Eden: 48.0M(48.0M)->0.0B(44.0M) Survivors: 3072.0K->7168.0K Heap: 204.7M(1024.0M)->160.6M(1024.0M)]
 [Times: user=0.03 sys=0.04, real=0.03 secs] 
2019-06-15T20:26:28.992-0300: 20019.270: [GC pause (G1 Evacuation Pause) (young), 0.0193137 secs]
   [Parallel Time: 17.7 ms, GC Workers: 4]
      [GC Worker Start (ms): Min: 20019270.0, Avg: 20019270.5, Max: 20019271.5, Diff: 1.5]
      [Ext Root Scanning (ms): Min: 0.0, Avg: 0.8, Max: 1.2, Diff: 1.2, Sum: 3.1]
      [Update RS (ms): Min: 1.0, Avg: 1.2, Max: 1.3, Diff: 0.3, Sum: 4.9]
         [Processed Buffers: Min: 4, Avg: 10.8, Max: 15, Diff: 11, Sum: 43]
      [Scan RS (ms): Min: 0.0, Avg: 0.0, Max: 0.0, Diff: 0.0, Sum: 0.0]
      [Code Root Scanning (ms): Min: 0.0, Avg: 0.0, Max: 0.0, Diff: 0.0, Sum: 0.0]
      [Object Copy (ms): Min: 14.6, Avg: 14.7, Max: 15.0, Diff: 0.4, Sum: 58.9]
      [Termination (ms): Min: 0.0, Avg: 0.4, Max: 0.6, Diff: 0.6, Sum: 1.7]
         [Termination Attempts: Min: 1, Avg: 1.0, Max: 1, Diff: 0, Sum: 4]
      [GC Worker Other (ms): Min: 0.0, Avg: 0.0, Max: 0.0, Diff: 0.0, Sum: 0.1]
      [GC Worker Total (ms): Min: 16.1, Avg: 17.2, Max: 17.7, Diff: 1.6, Sum: 68.6]
      [GC Worker End (ms): Min: 20019287.6, Avg: 20019287.7, Max: 20019287.7, Diff: 0.1]
   [Code Root Fixup: 0.0 ms]
   [Code Root Purge: 0.0 ms]
   [Clear CT: 0.1 ms]
   [Other: 1.5 ms]
      [Choose CSet: 0.0 ms]
      [Ref Proc: 1.0 ms]
      [Ref Enq: 0.0 ms]
      [Redirty Cards: 0.0 ms]
      [Humongous Register: 0.1 ms]
      [Humongous Reclaim: 0.0 ms]
      [Free CSet: 0.0 ms]
   [Eden: 44.0M(44.0M)->0.0B(45.0M) Survivors: 7168.0K->6144.0K Heap: 204.6M(1024.0M)->161.7M(1024.0M)]
 [Times: user=0.04 sys=0.01, real=0.02 secs] 
2019-06-15T20:36:51.545-0300: 20641.816: [GC pause (G1 Evacuation Pause) (young), 0.0603273 secs]
   [Parallel Time: 55.7 ms, GC Workers: 4]
      [GC Worker Start (ms): Min: 20641819.1, Avg: 20641819.3, Max: 20641819.5, Diff: 0.4]
      [Ext Root Scanning (ms): Min: 2.3, Avg: 4.8, Max: 8.4, Diff: 6.1, Sum: 19.1]
      [Update RS (ms): Min: 3.7, Avg: 4.8, Max: 5.7, Diff: 2.0, Sum: 19.3]
         [Processed Buffers: Min: 2, Avg: 11.0, Max: 29, Diff: 27, Sum: 44]
      [Scan RS (ms): Min: 0.0, Avg: 0.8, Max: 1.2, Diff: 1.2, Sum: 3.1]
      [Code Root Scanning (ms): Min: 0.0, Avg: 0.0, Max: 0.0, Diff: 0.0, Sum: 0.0]
      [Object Copy (ms): Min: 35.9, Avg: 37.1, Max: 39.2, Diff: 3.2, Sum: 148.2]
      [Termination (ms): Min: 6.0, Avg: 7.3, Max: 8.4, Diff: 2.4, Sum: 29.1]
         [Termination Attempts: Min: 70, Avg: 78.8, Max: 90, Diff: 20, Sum: 315]
      [GC Worker Other (ms): Min: 0.1, Avg: 0.7, Max: 2.0, Diff: 1.9, Sum: 2.8]
      [GC Worker Total (ms): Min: 55.2, Avg: 55.4, Max: 55.6, Diff: 0.4, Sum: 221.7]
      [GC Worker End (ms): Min: 20641874.6, Avg: 20641874.7, Max: 20641874.7, Diff: 0.1]
   [Code Root Fixup: 0.0 ms]
   [Code Root Purge: 0.0 ms]
   [Clear CT: 0.0 ms]
   [Other: 4.5 ms]
      [Choose CSet: 0.0 ms]
      [Ref Proc: 0.9 ms]
      [Ref Enq: 0.0 ms]
      [Redirty Cards: 0.0 ms]
      [Humongous Register: 2.2 ms]
      [Humongous Reclaim: 0.0 ms]
      [Free CSet: 0.3 ms]
   [Eden: 45.0M(45.0M)->0.0B(44.0M) Survivors: 6144.0K->7168.0K Heap: 206.7M(1024.0M)->165.3M(1024.0M)]
 [Times: user=0.07 sys=0.09, real=0.06 secs] 
2019-06-15T20:46:57.618-0300: 21247.881: [GC pause (G1 Evacuation Pause) (young), 0.0327063 secs]
   [Parallel Time: 29.2 ms, GC Workers: 4]
      [GC Worker Start (ms): Min: 21247884.1, Avg: 21247884.2, Max: 21247884.3, Diff: 0.2]
      [Ext Root Scanning (ms): Min: 3.1, Avg: 4.3, Max: 7.8, Diff: 4.7, Sum: 17.3]
      [Update RS (ms): Min: 0.5, Avg: 4.2, Max: 6.2, Diff: 5.7, Sum: 16.7]
         [Processed Buffers: Min: 3, Avg: 11.5, Max: 34, Diff: 31, Sum: 46]
      [Scan RS (ms): Min: 1.0, Avg: 2.0, Max: 2.5, Diff: 1.4, Sum: 7.9]
      [Code Root Scanning (ms): Min: 0.0, Avg: 0.0, Max: 0.0, Diff: 0.0, Sum: 0.0]
      [Object Copy (ms): Min: 18.5, Avg: 18.5, Max: 18.6, Diff: 0.1, Sum: 74.2]
      [Termination (ms): Min: 0.0, Avg: 0.0, Max: 0.0, Diff: 0.0, Sum: 0.0]
         [Termination Attempts: Min: 1, Avg: 1.2, Max: 2, Diff: 1, Sum: 5]
      [GC Worker Other (ms): Min: 0.0, Avg: 0.0, Max: 0.1, Diff: 0.0, Sum: 0.2]
      [GC Worker Total (ms): Min: 29.0, Avg: 29.1, Max: 29.1, Diff: 0.2, Sum: 116.2]
      [GC Worker End (ms): Min: 21247913.3, Avg: 21247913.3, Max: 21247913.3, Diff: 0.0]
   [Code Root Fixup: 0.0 ms]
   [Code Root Purge: 0.0 ms]
   [Clear CT: 0.1 ms]
   [Other: 3.4 ms]
      [Choose CSet: 0.0 ms]
      [Ref Proc: 0.2 ms]
      [Ref Enq: 0.0 ms]
      [Redirty Cards: 0.1 ms]
      [Humongous Register: 2.3 ms]
      [Humongous Reclaim: 0.0 ms]
      [Free CSet: 0.1 ms]
   [Eden: 44.0M(44.0M)->0.0B(45.0M) Survivors: 7168.0K->6144.0K Heap: 209.3M(1024.0M)->167.9M(1024.0M)]
 [Times: user=0.05 sys=0.06, real=0.04 secs] 
2019-06-15T20:56:27.811-0300: 21818.067: [GC pause (G1 Evacuation Pause) (young), 0.0583882 secs]
   [Parallel Time: 55.4 ms, GC Workers: 4]
      [GC Worker Start (ms): Min: 21818069.6, Avg: 21818069.8, Max: 21818070.0, Diff: 0.4]
      [Ext Root Scanning (ms): Min: 4.4, Avg: 5.5, Max: 7.7, Diff: 3.4, Sum: 21.9]
      [Update RS (ms): Min: 0.2, Avg: 2.4, Max: 3.3, Diff: 3.1, Sum: 9.5]
         [Processed Buffers: Min: 4, Avg: 11.5, Max: 23, Diff: 19, Sum: 46]
      [Scan RS (ms): Min: 2.8, Avg: 3.0, Max: 3.3, Diff: 0.5, Sum: 11.8]
      [Code Root Scanning (ms): Min: 0.0, Avg: 0.0, Max: 0.0, Diff: 0.0, Sum: 0.0]
      [Object Copy (ms): Min: 43.8, Avg: 44.0, Max: 44.2, Diff: 0.5, Sum: 176.1]
      [Termination (ms): Min: 0.0, Avg: 0.2, Max: 0.4, Diff: 0.4, Sum: 1.0]
         [Termination Attempts: Min: 1, Avg: 1.2, Max: 2, Diff: 1, Sum: 5]
      [GC Worker Other (ms): Min: 0.0, Avg: 0.0, Max: 0.0, Diff: 0.0, Sum: 0.1]
      [GC Worker Total (ms): Min: 54.8, Avg: 55.1, Max: 55.3, Diff: 0.5, Sum: 220.4]
      [GC Worker End (ms): Min: 21818124.8, Avg: 21818124.9, Max: 21818124.9, Diff: 0.1]
   [Code Root Fixup: 0.0 ms]
   [Code Root Purge: 0.0 ms]
   [Clear CT: 0.0 ms]
   [Other: 3.0 ms]
      [Choose CSet: 0.0 ms]
      [Ref Proc: 0.4 ms]
      [Ref Enq: 0.0 ms]
      [Redirty Cards: 0.1 ms]
      [Humongous Register: 1.7 ms]
      [Humongous Reclaim: 0.0 ms]
      [Free CSet: 0.2 ms]
   [Eden: 45.0M(45.0M)->0.0B(44.0M) Survivors: 6144.0K->7168.0K Heap: 212.9M(1024.0M)->172.9M(1024.0M)]
 [Times: user=0.05 sys=0.05, real=0.06 secs] 
2019-06-15T21:05:44.023-0300: 22374.268: [GC pause (G1 Evacuation Pause) (young), 0.0414104 secs]
   [Parallel Time: 38.0 ms, GC Workers: 4]
      [GC Worker Start (ms): Min: 22374271.0, Avg: 22374271.0, Max: 22374271.1, Diff: 0.1]
      [Ext Root Scanning (ms): Min: 2.9, Avg: 3.9, Max: 6.6, Diff: 3.8, Sum: 15.7]
      [Update RS (ms): Min: 0.7, Avg: 3.3, Max: 4.2, Diff: 3.5, Sum: 13.2]
         [Processed Buffers: Min: 9, Avg: 11.0, Max: 12, Diff: 3, Sum: 44]
      [Scan RS (ms): Min: 4.2, Avg: 4.6, Max: 4.8, Diff: 0.6, Sum: 18.3]
      [Code Root Scanning (ms): Min: 0.0, Avg: 0.0, Max: 0.0, Diff: 0.0, Sum: 0.0]
      [Object Copy (ms): Min: 25.9, Avg: 26.0, Max: 26.1, Diff: 0.2, Sum: 104.0]
      [Termination (ms): Min: 0.0, Avg: 0.0, Max: 0.0, Diff: 0.0, Sum: 0.0]
         [Termination Attempts: Min: 1, Avg: 1.2, Max: 2, Diff: 1, Sum: 5]
      [GC Worker Other (ms): Min: 0.0, Avg: 0.0, Max: 0.1, Diff: 0.1, Sum: 0.2]
      [GC Worker Total (ms): Min: 37.8, Avg: 37.9, Max: 37.9, Diff: 0.1, Sum: 151.5]
      [GC Worker End (ms): Min: 22374308.9, Avg: 22374308.9, Max: 22374308.9, Diff: 0.0]
   [Code Root Fixup: 0.0 ms]
   [Code Root Purge: 0.0 ms]
   [Clear CT: 0.1 ms]
   [Other: 3.3 ms]
      [Choose CSet: 0.0 ms]
      [Ref Proc: 0.2 ms]
      [Ref Enq: 0.0 ms]
      [Redirty Cards: 0.1 ms]
      [Humongous Register: 2.3 ms]
      [Humongous Reclaim: 0.0 ms]
      [Free CSet: 0.1 ms]
   [Eden: 44.0M(44.0M)->0.0B(47.0M) Survivors: 7168.0K->4096.0K Heap: 216.9M(1024.0M)->175.3M(1024.0M)]
 [Times: user=0.06 sys=0.06, real=0.04 secs] 
2019-06-15T21:16:21.887-0300: 23012.123: [GC pause (G1 Evacuation Pause) (young), 0.0264613 secs]
   [Parallel Time: 22.4 ms, GC Workers: 4]
      [GC Worker Start (ms): Min: 23012126.3, Avg: 23012126.4, Max: 23012126.6, Diff: 0.3]
      [Ext Root Scanning (ms): Min: 2.6, Avg: 3.8, Max: 6.9, Diff: 4.3, Sum: 15.3]
      [Update RS (ms): Min: 0.0, Avg: 3.1, Max: 4.6, Diff: 4.6, Sum: 12.6]
         [Processed Buffers: Min: 0, Avg: 10.8, Max: 25, Diff: 25, Sum: 43]
      [Scan RS (ms): Min: 0.7, Avg: 1.3, Max: 2.2, Diff: 1.5, Sum: 5.1]
      [Code Root Scanning (ms): Min: 0.0, Avg: 0.0, Max: 0.0, Diff: 0.0, Sum: 0.0]
      [Object Copy (ms): Min: 13.0, Avg: 13.5, Max: 13.7, Diff: 0.6, Sum: 53.9]
      [Termination (ms): Min: 0.0, Avg: 0.3, Max: 0.5, Diff: 0.5, Sum: 1.2]
         [Termination Attempts: Min: 1, Avg: 1.0, Max: 1, Diff: 0, Sum: 4]
      [GC Worker Other (ms): Min: 0.0, Avg: 0.0, Max: 0.0, Diff: 0.0, Sum: 0.1]
      [GC Worker Total (ms): Min: 21.9, Avg: 22.1, Max: 22.2, Diff: 0.3, Sum: 88.2]
      [GC Worker End (ms): Min: 23012148.5, Avg: 23012148.5, Max: 23012148.6, Diff: 0.1]
   [Code Root Fixup: 0.0 ms]
   [Code Root Purge: 0.0 ms]
   [Clear CT: 0.1 ms]
   [Other: 4.0 ms]
      [Choose CSet: 0.0 ms]
      [Ref Proc: 0.8 ms]
      [Ref Enq: 0.0 ms]
      [Redirty Cards: 0.0 ms]
      [Humongous Register: 2.3 ms]
      [Humongous Reclaim: 0.0 ms]
      [Free CSet: 0.1 ms]
   [Eden: 47.0M(47.0M)->0.0B(44.0M) Survivors: 4096.0K->7168.0K Heap: 222.3M(1024.0M)->177.8M(1024.0M)]
 [Times: user=0.04 sys=0.04, real=0.03 secs] 
2019-06-15T21:25:29.042-0300: 23559.272: [GC pause (G1 Evacuation Pause) (young), 0.0424275 secs]
   [Parallel Time: 37.2 ms, GC Workers: 4]
      [GC Worker Start (ms): Min: 23559276.6, Avg: 23559277.0, Max: 23559277.5, Diff: 0.9]
      [Ext Root Scanning (ms): Min: 3.6, Avg: 5.3, Max: 9.2, Diff: 5.6, Sum: 21.0]
      [Update RS (ms): Min: 0.0, Avg: 2.2, Max: 4.2, Diff: 4.2, Sum: 8.9]
         [Processed Buffers: Min: 0, Avg: 10.0, Max: 28, Diff: 28, Sum: 40]
      [Scan RS (ms): Min: 0.2, Avg: 1.3, Max: 2.6, Diff: 2.3, Sum: 5.4]
      [Code Root Scanning (ms): Min: 0.0, Avg: 0.0, Max: 0.0, Diff: 0.0, Sum: 0.0]
      [Object Copy (ms): Min: 27.3, Avg: 27.4, Max: 27.8, Diff: 0.5, Sum: 109.7]
      [Termination (ms): Min: 0.0, Avg: 0.3, Max: 0.6, Diff: 0.6, Sum: 1.2]
         [Termination Attempts: Min: 1, Avg: 1.0, Max: 1, Diff: 0, Sum: 4]
      [GC Worker Other (ms): Min: 0.0, Avg: 0.1, Max: 0.2, Diff: 0.2, Sum: 0.3]
      [GC Worker Total (ms): Min: 36.1, Avg: 36.6, Max: 37.0, Diff: 0.9, Sum: 146.5]
      [GC Worker End (ms): Min: 23559313.6, Avg: 23559313.6, Max: 23559313.7, Diff: 0.2]
   [Code Root Fixup: 0.0 ms]
   [Code Root Purge: 0.0 ms]
   [Clear CT: 0.1 ms]
   [Other: 5.1 ms]
      [Choose CSet: 0.0 ms]
      [Ref Proc: 0.3 ms]
      [Ref Enq: 0.0 ms]
      [Redirty Cards: 0.0 ms]
      [Humongous Register: 3.8 ms]
      [Humongous Reclaim: 0.0 ms]
      [Free CSet: 0.1 ms]
   [Eden: 44.0M(44.0M)->0.0B(45.0M) Survivors: 7168.0K->6144.0K Heap: 221.8M(1024.0M)->180.2M(1024.0M)]
 [Times: user=0.04 sys=0.05, real=0.04 secs] 
2019-06-15T21:40:12.366-0300: 24185.404: [GC pause (G1 Evacuation Pause) (young), 0.0699979 secs]
   [Parallel Time: 65.8 ms, GC Workers: 4]
      [GC Worker Start (ms): Min: 24185406.6, Avg: 24185406.6, Max: 24185406.7, Diff: 0.1]
      [Ext Root Scanning (ms): Min: 5.9, Avg: 7.5, Max: 11.9, Diff: 6.0, Sum: 29.9]
      [Update RS (ms): Min: 0.0, Avg: 4.0, Max: 7.4, Diff: 7.4, Sum: 16.1]
         [Processed Buffers: Min: 0, Avg: 9.8, Max: 27, Diff: 27, Sum: 39]
      [Scan RS (ms): Min: 2.2, Avg: 4.7, Max: 6.5, Diff: 4.2, Sum: 18.7]
      [Code Root Scanning (ms): Min: 0.0, Avg: 0.0, Max: 0.0, Diff: 0.0, Sum: 0.0]
      [Object Copy (ms): Min: 39.3, Avg: 45.3, Max: 48.3, Diff: 9.0, Sum: 181.4]
      [Termination (ms): Min: 1.7, Avg: 4.1, Max: 10.5, Diff: 8.7, Sum: 16.6]
         [Termination Attempts: Min: 15, Avg: 57.2, Max: 77, Diff: 62, Sum: 229]
      [GC Worker Other (ms): Min: 0.0, Avg: 0.0, Max: 0.0, Diff: 0.0, Sum: 0.1]
      [GC Worker Total (ms): Min: 65.6, Avg: 65.7, Max: 65.8, Diff: 0.1, Sum: 262.8]
      [GC Worker End (ms): Min: 24185472.3, Avg: 24185472.3, Max: 24185472.3, Diff: 0.0]
   [Code Root Fixup: 0.0 ms]
   [Code Root Purge: 0.2 ms]
   [Clear CT: 0.1 ms]
   [Other: 3.9 ms]
      [Choose CSet: 0.0 ms]
      [Ref Proc: 0.5 ms]
      [Ref Enq: 0.0 ms]
      [Redirty Cards: 0.1 ms]
      [Humongous Register: 2.4 ms]
      [Humongous Reclaim: 0.0 ms]
      [Free CSet: 0.2 ms]
   [Eden: 45.0M(45.0M)->0.0B(44.0M) Survivors: 6144.0K->7168.0K Heap: 225.2M(1024.0M)->183.9M(1024.0M)]
 [Times: user=0.06 sys=0.09, real=0.07 secs] 
2019-06-15T21:50:15.800-0300: 24788.830: [GC pause (G1 Evacuation Pause) (young), 0.0289774 secs]
   [Parallel Time: 26.2 ms, GC Workers: 4]
      [GC Worker Start (ms): Min: 24788832.1, Avg: 24788832.2, Max: 24788832.4, Diff: 0.3]
      [Ext Root Scanning (ms): Min: 2.4, Avg: 4.4, Max: 6.2, Diff: 3.8, Sum: 17.5]
      [Update RS (ms): Min: 0.0, Avg: 1.2, Max: 2.6, Diff: 2.6, Sum: 5.0]
         [Processed Buffers: Min: 0, Avg: 9.8, Max: 26, Diff: 26, Sum: 39]
      [Scan RS (ms): Min: 1.9, Avg: 2.5, Max: 3.4, Diff: 1.5, Sum: 10.0]
      [Code Root Scanning (ms): Min: 0.0, Avg: 0.0, Max: 0.0, Diff: 0.0, Sum: 0.0]
      [Object Copy (ms): Min: 17.4, Avg: 17.7, Max: 17.9, Diff: 0.5, Sum: 70.8]
      [Termination (ms): Min: 0.0, Avg: 0.0, Max: 0.1, Diff: 0.1, Sum: 0.1]
         [Termination Attempts: Min: 1, Avg: 1.0, Max: 1, Diff: 0, Sum: 4]
      [GC Worker Other (ms): Min: 0.0, Avg: 0.1, Max: 0.4, Diff: 0.4, Sum: 0.5]
      [GC Worker Total (ms): Min: 25.9, Avg: 26.0, Max: 26.1, Diff: 0.3, Sum: 104.0]
      [GC Worker End (ms): Min: 24788858.2, Avg: 24788858.2, Max: 24788858.2, Diff: 0.0]
   [Code Root Fixup: 0.0 ms]
   [Code Root Purge: 0.0 ms]
   [Clear CT: 0.1 ms]
   [Other: 2.7 ms]
      [Choose CSet: 0.0 ms]
      [Ref Proc: 0.2 ms]
      [Ref Enq: 0.0 ms]
      [Redirty Cards: 0.0 ms]
      [Humongous Register: 1.7 ms]
      [Humongous Reclaim: 0.0 ms]
      [Free CSet: 0.1 ms]
   [Eden: 44.0M(44.0M)->0.0B(45.0M) Survivors: 7168.0K->6144.0K Heap: 227.9M(1024.0M)->185.5M(1024.0M)]
 [Times: user=0.04 sys=0.04, real=0.03 secs] 
2019-06-15T21:59:49.017-0300: 25362.037: [GC pause (G1 Evacuation Pause) (young), 0.0474228 secs]
   [Parallel Time: 45.0 ms, GC Workers: 4]
      [GC Worker Start (ms): Min: 25362038.7, Avg: 25362038.7, Max: 25362038.8, Diff: 0.1]
      [Ext Root Scanning (ms): Min: 2.9, Avg: 3.9, Max: 6.6, Diff: 3.6, Sum: 15.6]
      [Update RS (ms): Min: 0.0, Avg: 1.6, Max: 2.4, Diff: 2.4, Sum: 6.5]
         [Processed Buffers: Min: 0, Avg: 9.8, Max: 22, Diff: 22, Sum: 39]
      [Scan RS (ms): Min: 1.7, Avg: 2.5, Max: 3.0, Diff: 1.3, Sum: 9.8]
      [Code Root Scanning (ms): Min: 0.0, Avg: 0.0, Max: 0.0, Diff: 0.0, Sum: 0.0]
      [Object Copy (ms): Min: 31.0, Avg: 35.2, Max: 36.8, Diff: 5.9, Sum: 140.8]
      [Termination (ms): Min: 0.0, Avg: 1.6, Max: 5.9, Diff: 5.9, Sum: 6.4]
         [Termination Attempts: Min: 1, Avg: 1.0, Max: 1, Diff: 0, Sum: 4]
      [GC Worker Other (ms): Min: 0.0, Avg: 0.0, Max: 0.0, Diff: 0.0, Sum: 0.1]
      [GC Worker Total (ms): Min: 44.7, Avg: 44.8, Max: 44.9, Diff: 0.2, Sum: 179.2]
      [GC Worker End (ms): Min: 25362083.5, Avg: 25362083.5, Max: 25362083.6, Diff: 0.1]
   [Code Root Fixup: 0.0 ms]
   [Code Root Purge: 0.0 ms]
   [Clear CT: 0.1 ms]
   [Other: 2.4 ms]
      [Choose CSet: 0.0 ms]
      [Ref Proc: 0.2 ms]
      [Ref Enq: 0.0 ms]
      [Redirty Cards: 0.1 ms]
      [Humongous Register: 1.4 ms]
      [Humongous Reclaim: 0.0 ms]
      [Free CSet: 0.1 ms]
   [Eden: 45.0M(45.0M)->0.0B(44.0M) Survivors: 6144.0K->7168.0K Heap: 230.5M(1024.0M)->191.0M(1024.0M)]
 [Times: user=0.06 sys=0.06, real=0.05 secs] 
2019-06-15T22:09:58.833-0300: 25971.845: [GC pause (G1 Evacuation Pause) (young), 0.0346128 secs]
   [Parallel Time: 32.8 ms, GC Workers: 4]
      [GC Worker Start (ms): Min: 25971845.2, Avg: 25971845.3, Max: 25971845.3, Diff: 0.1]
      [Ext Root Scanning (ms): Min: 0.8, Avg: 0.9, Max: 1.1, Diff: 0.4, Sum: 3.6]
      [Update RS (ms): Min: 0.1, Avg: 1.5, Max: 3.1, Diff: 2.9, Sum: 5.8]
         [Processed Buffers: Min: 5, Avg: 10.2, Max: 19, Diff: 14, Sum: 41]
      [Scan RS (ms): Min: 4.3, Avg: 6.5, Max: 7.8, Diff: 3.5, Sum: 26.1]
      [Code Root Scanning (ms): Min: 0.0, Avg: 0.0, Max: 0.0, Diff: 0.0, Sum: 0.0]
      [Object Copy (ms): Min: 20.2, Avg: 20.4, Max: 20.6, Diff: 0.5, Sum: 81.8]
      [Termination (ms): Min: 0.0, Avg: 2.7, Max: 3.6, Diff: 3.6, Sum: 10.7]
         [Termination Attempts: Min: 1, Avg: 1.5, Max: 3, Diff: 2, Sum: 6]
      [GC Worker Other (ms): Min: 0.0, Avg: 0.0, Max: 0.1, Diff: 0.1, Sum: 0.1]
      [GC Worker Total (ms): Min: 29.9, Avg: 32.0, Max: 32.7, Diff: 2.8, Sum: 128.1]
      [GC Worker End (ms): Min: 25971875.2, Avg: 25971877.3, Max: 25971878.0, Diff: 2.9]
   [Code Root Fixup: 0.0 ms]
   [Code Root Purge: 0.0 ms]
   [Clear CT: 0.1 ms]
   [Other: 1.7 ms]
      [Choose CSet: 0.0 ms]
      [Ref Proc: 0.9 ms]
      [Ref Enq: 0.0 ms]
      [Redirty Cards: 0.1 ms]
      [Humongous Register: 0.2 ms]
      [Humongous Reclaim: 0.0 ms]
      [Free CSet: 0.1 ms]
   [Eden: 44.0M(44.0M)->0.0B(46.0M) Survivors: 7168.0K->5120.0K Heap: 235.0M(1024.0M)->194.5M(1024.0M)]
 [Times: user=0.06 sys=0.00, real=0.04 secs] 
2019-06-15T22:20:31.845-0300: 26604.848: [GC pause (G1 Evacuation Pause) (young), 0.0125139 secs]
   [Parallel Time: 11.6 ms, GC Workers: 4]
      [GC Worker Start (ms): Min: 26604848.3, Avg: 26604848.4, Max: 26604848.5, Diff: 0.2]
      [Ext Root Scanning (ms): Min: 0.7, Avg: 0.7, Max: 0.8, Diff: 0.1, Sum: 3.0]
      [Update RS (ms): Min: 2.0, Avg: 2.1, Max: 2.1, Diff: 0.2, Sum: 8.3]
         [Processed Buffers: Min: 3, Avg: 10.5, Max: 22, Diff: 19, Sum: 42]
      [Scan RS (ms): Min: 1.0, Avg: 2.6, Max: 6.9, Diff: 5.9, Sum: 10.2]
      [Code Root Scanning (ms): Min: 0.0, Avg: 0.0, Max: 0.0, Diff: 0.0, Sum: 0.0]
      [Object Copy (ms): Min: 1.7, Avg: 6.1, Max: 7.6, Diff: 5.9, Sum: 24.4]
      [Termination (ms): Min: 0.0, Avg: 0.0, Max: 0.0, Diff: 0.0, Sum: 0.0]
         [Termination Attempts: Min: 1, Avg: 1.2, Max: 2, Diff: 1, Sum: 5]
      [GC Worker Other (ms): Min: 0.0, Avg: 0.0, Max: 0.0, Diff: 0.0, Sum: 0.1]
      [GC Worker Total (ms): Min: 11.4, Avg: 11.5, Max: 11.6, Diff: 0.2, Sum: 46.0]
      [GC Worker End (ms): Min: 26604859.9, Avg: 26604859.9, Max: 26604859.9, Diff: 0.0]
   [Code Root Fixup: 0.0 ms]
   [Code Root Purge: 0.0 ms]
   [Clear CT: 0.1 ms]
   [Other: 0.9 ms]
      [Choose CSet: 0.0 ms]
      [Ref Proc: 0.5 ms]
      [Ref Enq: 0.0 ms]
      [Redirty Cards: 0.1 ms]
      [Humongous Register: 0.0 ms]
      [Humongous Reclaim: 0.0 ms]
      [Free CSet: 0.0 ms]
   [Eden: 46.0M(46.0M)->0.0B(44.0M) Survivors: 5120.0K->7168.0K Heap: 240.5M(1024.0M)->196.5M(1024.0M)]
 [Times: user=0.03 sys=0.00, real=0.01 secs] 
2019-06-15T22:30:39.123-0300: 27212.119: [GC pause (G1 Evacuation Pause) (young), 0.0251634 secs]
   [Parallel Time: 22.2 ms, GC Workers: 4]
      [GC Worker Start (ms): Min: 27212121.6, Avg: 27212121.7, Max: 27212121.8, Diff: 0.2]
      [Ext Root Scanning (ms): Min: 2.0, Avg: 3.2, Max: 6.3, Diff: 4.4, Sum: 12.8]
      [Update RS (ms): Min: 0.0, Avg: 1.6, Max: 2.5, Diff: 2.5, Sum: 6.5]
         [Processed Buffers: Min: 0, Avg: 11.2, Max: 20, Diff: 20, Sum: 45]
      [Scan RS (ms): Min: 0.0, Avg: 1.1, Max: 1.6, Diff: 1.6, Sum: 4.3]
      [Code Root Scanning (ms): Min: 0.0, Avg: 0.0, Max: 0.0, Diff: 0.0, Sum: 0.0]
      [Object Copy (ms): Min: 15.6, Avg: 15.9, Max: 16.1, Diff: 0.4, Sum: 63.7]
      [Termination (ms): Min: 0.0, Avg: 0.1, Max: 0.2, Diff: 0.2, Sum: 0.5]
         [Termination Attempts: Min: 2, Avg: 2.5, Max: 3, Diff: 1, Sum: 10]
      [GC Worker Other (ms): Min: 0.0, Avg: 0.1, Max: 0.3, Diff: 0.3, Sum: 0.4]
      [GC Worker Total (ms): Min: 22.0, Avg: 22.1, Max: 22.2, Diff: 0.2, Sum: 88.3]
      [GC Worker End (ms): Min: 27212143.7, Avg: 27212143.8, Max: 27212143.8, Diff: 0.1]
   [Code Root Fixup: 0.0 ms]
   [Code Root Purge: 0.0 ms]
   [Clear CT: 0.1 ms]
   [Other: 2.8 ms]
      [Choose CSet: 0.0 ms]
      [Ref Proc: 0.2 ms]
      [Ref Enq: 0.0 ms]
      [Redirty Cards: 0.1 ms]
      [Humongous Register: 1.9 ms]
      [Humongous Reclaim: 0.0 ms]
      [Free CSet: 0.1 ms]
   [Eden: 44.0M(44.0M)->0.0B(44.0M) Survivors: 7168.0K->7168.0K Heap: 240.5M(1024.0M)->199.0M(1024.0M)]
 [Times: user=0.05 sys=0.03, real=0.02 secs] 
2019-06-15T22:40:46.279-0300: 27819.268: [GC pause (G1 Evacuation Pause) (young), 0.0194371 secs]
   [Parallel Time: 18.0 ms, GC Workers: 4]
      [GC Worker Start (ms): Min: 27819268.1, Avg: 27819268.1, Max: 27819268.1, Diff: 0.1]
      [Ext Root Scanning (ms): Min: 0.8, Avg: 1.0, Max: 1.4, Diff: 0.6, Sum: 4.0]
      [Update RS (ms): Min: 1.3, Avg: 1.9, Max: 2.8, Diff: 1.5, Sum: 7.5]
         [Processed Buffers: Min: 2, Avg: 10.5, Max: 17, Diff: 15, Sum: 42]
      [Scan RS (ms): Min: 1.1, Avg: 4.2, Max: 6.8, Diff: 5.6, Sum: 16.8]
      [Code Root Scanning (ms): Min: 0.0, Avg: 0.0, Max: 0.0, Diff: 0.0, Sum: 0.0]
      [Object Copy (ms): Min: 7.9, Avg: 10.3, Max: 12.9, Diff: 5.0, Sum: 41.1]
      [Termination (ms): Min: 0.0, Avg: 0.4, Max: 0.6, Diff: 0.6, Sum: 1.7]
         [Termination Attempts: Min: 1, Avg: 1.2, Max: 2, Diff: 1, Sum: 5]
      [GC Worker Other (ms): Min: 0.0, Avg: 0.0, Max: 0.0, Diff: 0.0, Sum: 0.1]
      [GC Worker Total (ms): Min: 17.7, Avg: 17.8, Max: 17.9, Diff: 0.2, Sum: 71.2]
      [GC Worker End (ms): Min: 27819285.8, Avg: 27819285.9, Max: 27819286.0, Diff: 0.2]
   [Code Root Fixup: 0.0 ms]
   [Code Root Purge: 0.0 ms]
   [Clear CT: 0.1 ms]
   [Other: 1.4 ms]
      [Choose CSet: 0.0 ms]
      [Ref Proc: 0.9 ms]
      [Ref Enq: 0.0 ms]
      [Redirty Cards: 0.0 ms]
      [Humongous Register: 0.2 ms]
      [Humongous Reclaim: 0.0 ms]
      [Free CSet: 0.1 ms]
   [Eden: 44.0M(44.0M)->0.0B(45.0M) Survivors: 7168.0K->6144.0K Heap: 243.0M(1024.0M)->201.3M(1024.0M)]
 [Times: user=0.05 sys=0.01, real=0.02 secs] 
2019-06-15T22:51:11.290-0300: 28444.270: [GC pause (G1 Evacuation Pause) (young), 0.0172259 secs]
   [Parallel Time: 16.7 ms, GC Workers: 4]
      [GC Worker Start (ms): Min: 28444270.1, Avg: 28444270.2, Max: 28444270.7, Diff: 0.6]
      [Ext Root Scanning (ms): Min: 0.6, Avg: 1.0, Max: 1.3, Diff: 0.7, Sum: 4.1]
      [Update RS (ms): Min: 1.9, Avg: 2.0, Max: 2.1, Diff: 0.2, Sum: 8.0]
         [Processed Buffers: Min: 1, Avg: 11.0, Max: 25, Diff: 24, Sum: 44]
      [Scan RS (ms): Min: 1.9, Avg: 2.4, Max: 3.0, Diff: 1.0, Sum: 9.7]
      [Code Root Scanning (ms): Min: 0.0, Avg: 0.0, Max: 0.0, Diff: 0.0, Sum: 0.0]
      [Object Copy (ms): Min: 10.2, Avg: 10.7, Max: 11.0, Diff: 0.8, Sum: 42.8]
      [Termination (ms): Min: 0.0, Avg: 0.3, Max: 0.4, Diff: 0.4, Sum: 1.1]
         [Termination Attempts: Min: 1, Avg: 1.0, Max: 1, Diff: 0, Sum: 4]
      [GC Worker Other (ms): Min: 0.0, Avg: 0.0, Max: 0.0, Diff: 0.0, Sum: 0.1]
      [GC Worker Total (ms): Min: 16.1, Avg: 16.4, Max: 16.6, Diff: 0.6, Sum: 65.7]
      [GC Worker End (ms): Min: 28444286.6, Avg: 28444286.7, Max: 28444286.7, Diff: 0.2]
   [Code Root Fixup: 0.0 ms]
   [Code Root Purge: 0.0 ms]
   [Clear CT: 0.0 ms]
   [Other: 0.5 ms]
      [Choose CSet: 0.0 ms]
      [Ref Proc: 0.1 ms]
      [Ref Enq: 0.0 ms]
      [Redirty Cards: 0.1 ms]
      [Humongous Register: 0.0 ms]
      [Humongous Reclaim: 0.0 ms]
      [Free CSet: 0.0 ms]
   [Eden: 45.0M(45.0M)->0.0B(45.0M) Survivors: 6144.0K->6144.0K Heap: 246.3M(1024.0M)->205.0M(1024.0M)]
 [Times: user=0.05 sys=0.01, real=0.01 secs] 
2019-06-15T23:00:41.581-0300: 29014.554: [GC pause (G1 Evacuation Pause) (young), 0.0420922 secs]
   [Parallel Time: 38.7 ms, GC Workers: 4]
      [GC Worker Start (ms): Min: 29014556.2, Avg: 29014556.3, Max: 29014556.4, Diff: 0.2]
      [Ext Root Scanning (ms): Min: 2.8, Avg: 4.2, Max: 8.2, Diff: 5.4, Sum: 16.8]
      [Update RS (ms): Min: 0.0, Avg: 2.6, Max: 3.7, Diff: 3.7, Sum: 10.3]
         [Processed Buffers: Min: 0, Avg: 11.5, Max: 19, Diff: 19, Sum: 46]
      [Scan RS (ms): Min: 0.7, Avg: 3.0, Max: 6.8, Diff: 6.0, Sum: 12.1]
      [Code Root Scanning (ms): Min: 0.0, Avg: 0.0, Max: 0.0, Diff: 0.0, Sum: 0.0]
      [Object Copy (ms): Min: 24.9, Avg: 28.2, Max: 29.6, Diff: 4.7, Sum: 113.0]
      [Termination (ms): Min: 0.0, Avg: 0.4, Max: 0.5, Diff: 0.5, Sum: 1.6]
         [Termination Attempts: Min: 1, Avg: 1.0, Max: 1, Diff: 0, Sum: 4]
      [GC Worker Other (ms): Min: 0.0, Avg: 0.0, Max: 0.0, Diff: 0.0, Sum: 0.1]
      [GC Worker Total (ms): Min: 38.3, Avg: 38.5, Max: 38.6, Diff: 0.2, Sum: 153.8]
      [GC Worker End (ms): Min: 29014594.8, Avg: 29014594.8, Max: 29014594.8, Diff: 0.0]
   [Code Root Fixup: 0.0 ms]
   [Code Root Purge: 0.0 ms]
   [Clear CT: 0.1 ms]
   [Other: 3.4 ms]
      [Choose CSet: 0.0 ms]
      [Ref Proc: 0.8 ms]
      [Ref Enq: 0.0 ms]
      [Redirty Cards: 0.1 ms]
      [Humongous Register: 1.9 ms]
      [Humongous Reclaim: 0.0 ms]
      [Free CSet: 0.1 ms]
   [Eden: 45.0M(45.0M)->0.0B(44.0M) Survivors: 6144.0K->7168.0K Heap: 250.0M(1024.0M)->210.0M(1024.0M)]
 [Times: user=0.06 sys=0.05, real=0.04 secs] 
2019-06-15T23:10:47.119-0300: 29620.083: [GC pause (G1 Evacuation Pause) (young), 0.0404970 secs]
   [Parallel Time: 36.5 ms, GC Workers: 4]
      [GC Worker Start (ms): Min: 29620085.8, Avg: 29620085.8, Max: 29620085.9, Diff: 0.2]
      [Ext Root Scanning (ms): Min: 3.2, Avg: 4.5, Max: 8.4, Diff: 5.2, Sum: 18.1]
      [Update RS (ms): Min: 0.3, Avg: 4.2, Max: 6.4, Diff: 6.1, Sum: 17.0]
         [Processed Buffers: Min: 2, Avg: 10.8, Max: 29, Diff: 27, Sum: 43]
      [Scan RS (ms): Min: 4.1, Avg: 5.1, Max: 5.7, Diff: 1.6, Sum: 20.5]
      [Code Root Scanning (ms): Min: 0.0, Avg: 0.0, Max: 0.0, Diff: 0.0, Sum: 0.0]
      [Object Copy (ms): Min: 22.2, Avg: 22.3, Max: 22.4, Diff: 0.2, Sum: 89.3]
      [Termination (ms): Min: 0.0, Avg: 0.1, Max: 0.1, Diff: 0.1, Sum: 0.4]
         [Termination Attempts: Min: 3, Avg: 4.2, Max: 6, Diff: 3, Sum: 17]
      [GC Worker Other (ms): Min: 0.0, Avg: 0.0, Max: 0.0, Diff: 0.0, Sum: 0.1]
      [GC Worker Total (ms): Min: 36.3, Avg: 36.4, Max: 36.4, Diff: 0.1, Sum: 145.5]
      [GC Worker End (ms): Min: 29620122.2, Avg: 29620122.2, Max: 29620122.2, Diff: 0.0]
   [Code Root Fixup: 0.0 ms]
   [Code Root Purge: 0.0 ms]
   [Clear CT: 0.1 ms]
   [Other: 3.9 ms]
      [Choose CSet: 0.0 ms]
      [Ref Proc: 0.9 ms]
      [Ref Enq: 0.0 ms]
      [Redirty Cards: 0.1 ms]
      [Humongous Register: 1.9 ms]
      [Humongous Reclaim: 0.0 ms]
      [Free CSet: 0.2 ms]
   [Eden: 44.0M(44.0M)->0.0B(46.0M) Survivors: 7168.0K->5120.0K Heap: 254.0M(1024.0M)->213.2M(1024.0M)]
 [Times: user=0.06 sys=0.05, real=0.05 secs] 
2019-06-15T23:21:31.023-0300: 30263.976: [GC pause (G1 Evacuation Pause) (young), 0.0143398 secs]
   [Parallel Time: 13.4 ms, GC Workers: 4]
      [GC Worker Start (ms): Min: 30263976.3, Avg: 30263976.3, Max: 30263976.4, Diff: 0.1]
      [Ext Root Scanning (ms): Min: 0.6, Avg: 0.7, Max: 0.8, Diff: 0.2, Sum: 2.6]
      [Update RS (ms): Min: 1.5, Avg: 1.8, Max: 2.4, Diff: 0.9, Sum: 7.0]
         [Processed Buffers: Min: 2, Avg: 10.5, Max: 26, Diff: 24, Sum: 42]
      [Scan RS (ms): Min: 0.8, Avg: 1.6, Max: 2.4, Diff: 1.5, Sum: 6.5]
      [Code Root Scanning (ms): Min: 0.0, Avg: 0.0, Max: 0.0, Diff: 0.0, Sum: 0.0]
      [Object Copy (ms): Min: 8.6, Avg: 9.2, Max: 9.4, Diff: 0.8, Sum: 36.7]
      [Termination (ms): Min: 0.0, Avg: 0.0, Max: 0.1, Diff: 0.1, Sum: 0.2]
         [Termination Attempts: Min: 1, Avg: 1.5, Max: 2, Diff: 1, Sum: 6]
      [GC Worker Other (ms): Min: 0.0, Avg: 0.0, Max: 0.0, Diff: 0.0, Sum: 0.1]
      [GC Worker Total (ms): Min: 13.2, Avg: 13.3, Max: 13.3, Diff: 0.1, Sum: 53.1]
      [GC Worker End (ms): Min: 30263989.6, Avg: 30263989.6, Max: 30263989.6, Diff: 0.0]
   [Code Root Fixup: 0.0 ms]
   [Code Root Purge: 0.0 ms]
   [Clear CT: 0.1 ms]
   [Other: 0.9 ms]
      [Choose CSet: 0.0 ms]
      [Ref Proc: 0.2 ms]
      [Ref Enq: 0.0 ms]
      [Redirty Cards: 0.1 ms]
      [Humongous Register: 0.2 ms]
      [Humongous Reclaim: 0.0 ms]
      [Free CSet: 0.1 ms]
   [Eden: 46.0M(46.0M)->0.0B(44.0M) Survivors: 5120.0K->7168.0K Heap: 259.2M(1024.0M)->215.7M(1024.0M)]
 [Times: user=0.05 sys=0.00, real=0.02 secs] 
2019-06-15T23:31:06.647-0300: 30839.591: [GC pause (G1 Evacuation Pause) (young), 0.0374159 secs]
   [Parallel Time: 32.8 ms, GC Workers: 4]
      [GC Worker Start (ms): Min: 30839594.1, Avg: 30839594.3, Max: 30839594.3, Diff: 0.2]
      [Ext Root Scanning (ms): Min: 2.8, Avg: 4.9, Max: 10.4, Diff: 7.5, Sum: 19.6]
      [Update RS (ms): Min: 0.0, Avg: 4.2, Max: 6.1, Diff: 6.0, Sum: 16.8]
         [Processed Buffers: Min: 0, Avg: 11.8, Max: 33, Diff: 33, Sum: 47]
      [Scan RS (ms): Min: 0.9, Avg: 1.8, Max: 2.4, Diff: 1.5, Sum: 7.2]
      [Code Root Scanning (ms): Min: 0.0, Avg: 0.0, Max: 0.0, Diff: 0.0, Sum: 0.0]
      [Object Copy (ms): Min: 21.4, Avg: 21.7, Max: 21.7, Diff: 0.3, Sum: 86.6]
      [Termination (ms): Min: 0.0, Avg: 0.0, Max: 0.0, Diff: 0.0, Sum: 0.0]
         [Termination Attempts: Min: 1, Avg: 1.5, Max: 2, Diff: 1, Sum: 6]
      [GC Worker Other (ms): Min: 0.0, Avg: 0.0, Max: 0.1, Diff: 0.0, Sum: 0.2]
      [GC Worker Total (ms): Min: 32.5, Avg: 32.6, Max: 32.7, Diff: 0.2, Sum: 130.4]
      [GC Worker End (ms): Min: 30839626.8, Avg: 30839626.8, Max: 30839626.9, Diff: 0.0]
   [Code Root Fixup: 0.0 ms]
   [Code Root Purge: 0.0 ms]
   [Clear CT: 0.2 ms]
   [Other: 4.4 ms]
      [Choose CSet: 0.0 ms]
      [Ref Proc: 1.0 ms]
      [Ref Enq: 0.0 ms]
      [Redirty Cards: 0.1 ms]
      [Humongous Register: 2.4 ms]
      [Humongous Reclaim: 0.0 ms]
      [Free CSet: 0.3 ms]
   [Eden: 44.0M(44.0M)->0.0B(44.0M) Survivors: 7168.0K->7168.0K Heap: 259.7M(1024.0M)->218.0M(1024.0M)]
 [Times: user=0.05 sys=0.05, real=0.04 secs] 
2019-06-15T23:41:18.153-0300: 31451.080: [GC pause (G1 Evacuation Pause) (young), 0.0186127 secs]
   [Parallel Time: 17.5 ms, GC Workers: 4]
      [GC Worker Start (ms): Min: 31451079.7, Avg: 31451079.8, Max: 31451080.0, Diff: 0.4]
      [Ext Root Scanning (ms): Min: 0.8, Avg: 0.9, Max: 1.1, Diff: 0.3, Sum: 3.8]
      [Update RS (ms): Min: 1.3, Avg: 1.3, Max: 1.4, Diff: 0.1, Sum: 5.3]
         [Processed Buffers: Min: 2, Avg: 10.5, Max: 26, Diff: 24, Sum: 42]
      [Scan RS (ms): Min: 2.4, Avg: 2.5, Max: 2.5, Diff: 0.1, Sum: 9.8]
      [Code Root Scanning (ms): Min: 0.0, Avg: 0.0, Max: 0.0, Diff: 0.0, Sum: 0.0]
      [Object Copy (ms): Min: 12.5, Avg: 12.5, Max: 12.6, Diff: 0.1, Sum: 50.1]
      [Termination (ms): Min: 0.0, Avg: 0.0, Max: 0.0, Diff: 0.0, Sum: 0.1]
         [Termination Attempts: Min: 2, Avg: 2.0, Max: 2, Diff: 0, Sum: 8]
      [GC Worker Other (ms): Min: 0.0, Avg: 0.0, Max: 0.1, Diff: 0.0, Sum: 0.1]
      [GC Worker Total (ms): Min: 17.1, Avg: 17.3, Max: 17.5, Diff: 0.4, Sum: 69.3]
      [GC Worker End (ms): Min: 31451097.2, Avg: 31451097.2, Max: 31451097.2, Diff: 0.0]
   [Code Root Fixup: 0.0 ms]
   [Code Root Purge: 0.0 ms]
   [Clear CT: 0.0 ms]
   [Other: 1.0 ms]
      [Choose CSet: 0.0 ms]
      [Ref Proc: 0.7 ms]
      [Ref Enq: 0.0 ms]
      [Redirty Cards: 0.0 ms]
      [Humongous Register: 0.0 ms]
      [Humongous Reclaim: 0.0 ms]
      [Free CSet: 0.0 ms]
   [Eden: 44.0M(44.0M)->0.0B(44.0M) Survivors: 7168.0K->7168.0K Heap: 262.0M(1024.0M)->221.4M(1024.0M)]
 [Times: user=0.06 sys=0.01, real=0.02 secs] 
2019-06-16T00:31:23.716-0300: 32062.340: [GC pause (G1 Evacuation Pause) (young), 0.0341049 secs]
   [Parallel Time: 29.1 ms, GC Workers: 4]
      [GC Worker Start (ms): Min: 32062342.9, Avg: 32062343.0, Max: 32062343.1, Diff: 0.2]
      [Ext Root Scanning (ms): Min: 2.7, Avg: 3.8, Max: 7.1, Diff: 4.4, Sum: 15.3]
      [Update RS (ms): Min: 0.0, Avg: 3.2, Max: 4.6, Diff: 4.6, Sum: 12.6]
         [Processed Buffers: Min: 0, Avg: 11.0, Max: 34, Diff: 34, Sum: 44]
      [Scan RS (ms): Min: 2.9, Avg: 3.3, Max: 3.6, Diff: 0.8, Sum: 13.1]
      [Code Root Scanning (ms): Min: 0.0, Avg: 0.0, Max: 0.1, Diff: 0.1, Sum: 0.1]
      [Object Copy (ms): Min: 18.5, Avg: 18.6, Max: 18.8, Diff: 0.3, Sum: 74.6]
      [Termination (ms): Min: 0.0, Avg: 0.0, Max: 0.0, Diff: 0.0, Sum: 0.0]
         [Termination Attempts: Min: 1, Avg: 1.8, Max: 2, Diff: 1, Sum: 7]
      [GC Worker Other (ms): Min: 0.0, Avg: 0.0, Max: 0.1, Diff: 0.0, Sum: 0.2]
      [GC Worker Total (ms): Min: 28.9, Avg: 29.0, Max: 29.1, Diff: 0.2, Sum: 115.9]
      [GC Worker End (ms): Min: 32062371.9, Avg: 32062371.9, Max: 32062371.9, Diff: 0.0]
   [Code Root Fixup: 0.0 ms]
   [Code Root Purge: 0.0 ms]
   [Clear CT: 0.4 ms]
   [Other: 4.5 ms]
      [Choose CSet: 0.0 ms]
      [Ref Proc: 0.2 ms]
      [Ref Enq: 0.0 ms]
      [Redirty Cards: 0.1 ms]
      [Humongous Register: 2.6 ms]
      [Humongous Reclaim: 0.0 ms]
      [Free CSet: 0.2 ms]
   [Eden: 44.0M(44.0M)->0.0B(44.0M) Survivors: 7168.0K->7168.0K Heap: 265.4M(1024.0M)->225.0M(1024.0M)]
 [Times: user=0.05 sys=0.05, real=0.04 secs] 
2019-06-16T00:40:39.448-0300: 32618.063: [GC pause (G1 Evacuation Pause) (young), 0.0250598 secs]
   [Parallel Time: 24.3 ms, GC Workers: 4]
      [GC Worker Start (ms): Min: 32618063.1, Avg: 32618063.1, Max: 32618063.2, Diff: 0.0]
      [Ext Root Scanning (ms): Min: 0.6, Avg: 0.7, Max: 0.8, Diff: 0.1, Sum: 2.8]
      [Update RS (ms): Min: 1.3, Avg: 1.3, Max: 1.4, Diff: 0.1, Sum: 5.4]
         [Processed Buffers: Min: 3, Avg: 10.5, Max: 19, Diff: 16, Sum: 42]
      [Scan RS (ms): Min: 1.8, Avg: 1.9, Max: 1.9, Diff: 0.2, Sum: 7.5]
      [Code Root Scanning (ms): Min: 0.0, Avg: 0.0, Max: 0.0, Diff: 0.0, Sum: 0.0]
      [Object Copy (ms): Min: 16.6, Avg: 19.3, Max: 20.3, Diff: 3.7, Sum: 77.1]
      [Termination (ms): Min: 0.0, Avg: 1.0, Max: 3.6, Diff: 3.6, Sum: 3.9]
         [Termination Attempts: Min: 1, Avg: 2.0, Max: 4, Diff: 3, Sum: 8]
      [GC Worker Other (ms): Min: 0.0, Avg: 0.0, Max: 0.0, Diff: 0.0, Sum: 0.1]
      [GC Worker Total (ms): Min: 24.1, Avg: 24.2, Max: 24.2, Diff: 0.1, Sum: 96.7]
      [GC Worker End (ms): Min: 32618087.3, Avg: 32618087.3, Max: 32618087.4, Diff: 0.1]
   [Code Root Fixup: 0.0 ms]
   [Code Root Purge: 0.0 ms]
   [Clear CT: 0.1 ms]
   [Other: 0.7 ms]
      [Choose CSet: 0.0 ms]
      [Ref Proc: 0.1 ms]
      [Ref Enq: 0.0 ms]
      [Redirty Cards: 0.1 ms]
      [Humongous Register: 0.2 ms]
      [Humongous Reclaim: 0.0 ms]
      [Free CSet: 0.0 ms]
   [Eden: 44.0M(44.0M)->0.0B(44.0M) Survivors: 7168.0K->7168.0K Heap: 269.0M(1024.0M)->229.0M(1024.0M)]
 [Times: user=0.06 sys=0.01, real=0.03 secs] 
2019-06-16T00:48:55.666-0300: 33114.272: [GC pause (G1 Evacuation Pause) (young), 0.0367994 secs]
   [Parallel Time: 31.6 ms, GC Workers: 4]
      [GC Worker Start (ms): Min: 33114276.0, Avg: 33114276.1, Max: 33114276.5, Diff: 0.5]
      [Ext Root Scanning (ms): Min: 3.0, Avg: 4.4, Max: 7.4, Diff: 4.5, Sum: 17.6]
      [Update RS (ms): Min: 0.0, Avg: 2.6, Max: 3.7, Diff: 3.7, Sum: 10.5]
         [Processed Buffers: Min: 0, Avg: 10.8, Max: 23, Diff: 23, Sum: 43]
      [Scan RS (ms): Min: 3.0, Avg: 3.3, Max: 3.6, Diff: 0.6, Sum: 13.2]
      [Code Root Scanning (ms): Min: 0.0, Avg: 0.0, Max: 0.0, Diff: 0.0, Sum: 0.0]
      [Object Copy (ms): Min: 20.4, Avg: 20.5, Max: 20.9, Diff: 0.5, Sum: 82.2]
      [Termination (ms): Min: 0.0, Avg: 0.4, Max: 0.6, Diff: 0.6, Sum: 1.6]
         [Termination Attempts: Min: 1, Avg: 1.0, Max: 1, Diff: 0, Sum: 4]
      [GC Worker Other (ms): Min: 0.0, Avg: 0.0, Max: 0.1, Diff: 0.0, Sum: 0.2]
      [GC Worker Total (ms): Min: 31.0, Avg: 31.3, Max: 31.5, Diff: 0.4, Sum: 125.3]
      [GC Worker End (ms): Min: 33114307.4, Avg: 33114307.5, Max: 33114307.5, Diff: 0.1]
   [Code Root Fixup: 0.0 ms]
   [Code Root Purge: 0.0 ms]
   [Clear CT: 0.3 ms]
   [Other: 4.9 ms]
      [Choose CSet: 0.0 ms]
      [Ref Proc: 0.5 ms]
      [Ref Enq: 0.0 ms]
      [Redirty Cards: 0.2 ms]
      [Humongous Register: 2.8 ms]
      [Humongous Reclaim: 0.0 ms]
      [Free CSet: 0.2 ms]
   [Eden: 44.0M(44.0M)->0.0B(47.0M) Survivors: 7168.0K->4096.0K Heap: 273.0M(1024.0M)->231.5M(1024.0M)]
 [Times: user=0.05 sys=0.05, real=0.04 secs] 
2019-06-16T00:59:45.672-0300: 33764.273: [GC pause (G1 Evacuation Pause) (young), 0.0462533 secs]
   [Parallel Time: 39.4 ms, GC Workers: 4]
      [GC Worker Start (ms): Min: 33764277.0, Avg: 33764277.2, Max: 33764277.4, Diff: 0.4]
      [Ext Root Scanning (ms): Min: 4.0, Avg: 5.3, Max: 8.7, Diff: 4.7, Sum: 21.1]
      [Update RS (ms): Min: 0.5, Avg: 3.7, Max: 5.2, Diff: 4.7, Sum: 14.7]
         [Processed Buffers: Min: 2, Avg: 10.2, Max: 24, Diff: 22, Sum: 41]
      [Scan RS (ms): Min: 0.4, Avg: 1.0, Max: 1.4, Diff: 1.0, Sum: 4.1]
      [Code Root Scanning (ms): Min: 0.0, Avg: 0.0, Max: 0.2, Diff: 0.2, Sum: 0.2]
      [Object Copy (ms): Min: 23.5, Avg: 25.0, Max: 25.7, Diff: 2.2, Sum: 100.0]
      [Termination (ms): Min: 2.8, Avg: 3.6, Max: 5.4, Diff: 2.6, Sum: 14.5]
         [Termination Attempts: Min: 54, Avg: 61.5, Max: 70, Diff: 16, Sum: 246]
      [GC Worker Other (ms): Min: 0.0, Avg: 0.1, Max: 0.1, Diff: 0.1, Sum: 0.3]
      [GC Worker Total (ms): Min: 38.5, Avg: 38.7, Max: 38.9, Diff: 0.4, Sum: 154.9]
      [GC Worker End (ms): Min: 33764315.8, Avg: 33764315.9, Max: 33764316.1, Diff: 0.3]
   [Code Root Fixup: 0.0 ms]
   [Code Root Purge: 0.0 ms]
   [Clear CT: 0.1 ms]
   [Other: 6.7 ms]
      [Choose CSet: 0.0 ms]
      [Ref Proc: 1.9 ms]
      [Ref Enq: 0.0 ms]
      [Redirty Cards: 0.1 ms]
      [Humongous Register: 3.1 ms]
      [Humongous Reclaim: 0.0 ms]
      [Free CSet: 0.3 ms]
   [Eden: 47.0M(47.0M)->0.0B(44.0M) Survivors: 4096.0K->7168.0K Heap: 278.5M(1024.0M)->234.5M(1024.0M)]
 [Times: user=0.05 sys=0.07, real=0.05 secs] 
2019-06-16T01:09:57.556-0300: 34376.148: [GC pause (G1 Evacuation Pause) (young), 0.0334831 secs]
   [Parallel Time: 28.4 ms, GC Workers: 4]
      [GC Worker Start (ms): Min: 34376151.2, Avg: 34376151.3, Max: 34376151.4, Diff: 0.2]
      [Ext Root Scanning (ms): Min: 4.2, Avg: 5.5, Max: 9.2, Diff: 5.0, Sum: 22.0]
      [Update RS (ms): Min: 0.0, Avg: 2.9, Max: 4.1, Diff: 4.1, Sum: 11.6]
         [Processed Buffers: Min: 0, Avg: 10.0, Max: 21, Diff: 21, Sum: 40]
      [Scan RS (ms): Min: 0.3, Avg: 1.0, Max: 1.4, Diff: 1.0, Sum: 3.8]
      [Code Root Scanning (ms): Min: 0.0, Avg: 0.0, Max: 0.1, Diff: 0.1, Sum: 0.1]
      [Object Copy (ms): Min: 18.7, Avg: 18.8, Max: 18.9, Diff: 0.2, Sum: 75.2]
      [Termination (ms): Min: 0.0, Avg: 0.0, Max: 0.0, Diff: 0.0, Sum: 0.0]
         [Termination Attempts: Min: 1, Avg: 1.2, Max: 2, Diff: 1, Sum: 5]
      [GC Worker Other (ms): Min: 0.0, Avg: 0.0, Max: 0.1, Diff: 0.1, Sum: 0.2]
      [GC Worker Total (ms): Min: 28.2, Avg: 28.2, Max: 28.3, Diff: 0.2, Sum: 112.9]
      [GC Worker End (ms): Min: 34376179.5, Avg: 34376179.5, Max: 34376179.5, Diff: 0.0]
   [Code Root Fixup: 0.0 ms]
   [Code Root Purge: 0.0 ms]
   [Clear CT: 0.1 ms]
   [Other: 5.0 ms]
      [Choose CSet: 0.0 ms]
      [Ref Proc: 0.9 ms]
      [Ref Enq: 0.0 ms]
      [Redirty Cards: 0.1 ms]
      [Humongous Register: 2.7 ms]
      [Humongous Reclaim: 0.0 ms]
      [Free CSet: 0.2 ms]
   [Eden: 44.0M(44.0M)->0.0B(45.0M) Survivors: 7168.0K->6144.0K Heap: 278.5M(1024.0M)->236.3M(1024.0M)]
 [Times: user=0.05 sys=0.06, real=0.04 secs] 
2019-06-16T01:19:53.778-0300: 34972.364: [GC pause (G1 Evacuation Pause) (young), 0.0426134 secs]
   [Parallel Time: 38.3 ms, GC Workers: 4]
      [GC Worker Start (ms): Min: 34972367.0, Avg: 34972367.1, Max: 34972367.4, Diff: 0.4]
      [Ext Root Scanning (ms): Min: 2.7, Avg: 4.5, Max: 9.0, Diff: 6.3, Sum: 18.0]
      [Update RS (ms): Min: 0.0, Avg: 1.6, Max: 3.2, Diff: 3.2, Sum: 6.4]
         [Processed Buffers: Min: 0, Avg: 9.8, Max: 21, Diff: 21, Sum: 39]
      [Scan RS (ms): Min: 0.8, Avg: 3.3, Max: 4.5, Diff: 3.7, Sum: 13.3]
      [Code Root Scanning (ms): Min: 0.0, Avg: 0.0, Max: 0.0, Diff: 0.0, Sum: 0.0]
      [Object Copy (ms): Min: 27.7, Avg: 28.0, Max: 28.8, Diff: 1.0, Sum: 112.1]
      [Termination (ms): Min: 0.0, Avg: 0.2, Max: 0.2, Diff: 0.2, Sum: 0.6]
         [Termination Attempts: Min: 1, Avg: 1.0, Max: 1, Diff: 0, Sum: 4]
      [GC Worker Other (ms): Min: 0.0, Avg: 0.0, Max: 0.0, Diff: 0.0, Sum: 0.1]
      [GC Worker Total (ms): Min: 37.4, Avg: 37.6, Max: 37.8, Diff: 0.4, Sum: 150.5]
      [GC Worker End (ms): Min: 34972404.7, Avg: 34972404.7, Max: 34972404.8, Diff: 0.1]
   [Code Root Fixup: 0.0 ms]
   [Code Root Purge: 0.0 ms]
   [Clear CT: 0.1 ms]
   [Other: 4.3 ms]
      [Choose CSet: 0.0 ms]
      [Ref Proc: 1.0 ms]
      [Ref Enq: 0.0 ms]
      [Redirty Cards: 0.1 ms]
      [Humongous Register: 2.3 ms]
      [Humongous Reclaim: 0.0 ms]
      [Free CSet: 0.2 ms]
   [Eden: 45.0M(45.0M)->0.0B(44.0M) Survivors: 6144.0K->7168.0K Heap: 281.3M(1024.0M)->240.8M(1024.0M)]
 [Times: user=0.06 sys=0.06, real=0.05 secs] 
2019-06-16T01:29:07.450-0300: 35526.029: [GC pause (G1 Evacuation Pause) (young), 0.0640834 secs]
   [Parallel Time: 59.5 ms, GC Workers: 4]
      [GC Worker Start (ms): Min: 35526032.5, Avg: 35526032.6, Max: 35526032.8, Diff: 0.3]
      [Ext Root Scanning (ms): Min: 5.1, Avg: 6.9, Max: 11.9, Diff: 6.7, Sum: 27.5]
      [Update RS (ms): Min: 0.0, Avg: 3.5, Max: 6.3, Diff: 6.3, Sum: 14.2]
         [Processed Buffers: Min: 0, Avg: 10.2, Max: 24, Diff: 24, Sum: 41]
      [Scan RS (ms): Min: 2.4, Avg: 4.4, Max: 6.1, Diff: 3.7, Sum: 17.4]
      [Code Root Scanning (ms): Min: 0.0, Avg: 0.0, Max: 0.0, Diff: 0.0, Sum: 0.0]
      [Object Copy (ms): Min: 43.7, Avg: 44.1, Max: 44.5, Diff: 0.9, Sum: 176.2]
      [Termination (ms): Min: 0.0, Avg: 0.4, Max: 0.6, Diff: 0.6, Sum: 1.7]
         [Termination Attempts: Min: 1, Avg: 2.5, Max: 5, Diff: 4, Sum: 10]
      [GC Worker Other (ms): Min: 0.0, Avg: 0.0, Max: 0.0, Diff: 0.0, Sum: 0.1]
      [GC Worker Total (ms): Min: 59.1, Avg: 59.3, Max: 59.4, Diff: 0.3, Sum: 237.1]
      [GC Worker End (ms): Min: 35526091.9, Avg: 35526091.9, Max: 35526091.9, Diff: 0.0]
   [Code Root Fixup: 0.0 ms]
   [Code Root Purge: 0.0 ms]
   [Clear CT: 0.0 ms]
   [Other: 4.5 ms]
      [Choose CSet: 0.0 ms]
      [Ref Proc: 0.9 ms]
      [Ref Enq: 0.0 ms]
      [Redirty Cards: 0.1 ms]
      [Humongous Register: 2.6 ms]
      [Humongous Reclaim: 0.0 ms]
      [Free CSet: 0.2 ms]
   [Eden: 44.0M(44.0M)->0.0B(45.0M) Survivors: 7168.0K->6144.0K Heap: 284.8M(1024.0M)->243.0M(1024.0M)]
 [Times: user=0.05 sys=0.07, real=0.06 secs] 
2019-06-16T01:38:10.570-0300: 36069.142: [GC pause (G1 Evacuation Pause) (young), 0.0416465 secs]
   [Parallel Time: 36.4 ms, GC Workers: 4]
      [GC Worker Start (ms): Min: 36069145.1, Avg: 36069145.4, Max: 36069145.5, Diff: 0.4]
      [Ext Root Scanning (ms): Min: 3.2, Avg: 4.9, Max: 6.6, Diff: 3.3, Sum: 19.6]
      [Update RS (ms): Min: 0.0, Avg: 1.5, Max: 3.0, Diff: 3.0, Sum: 5.8]
         [Processed Buffers: Min: 0, Avg: 10.0, Max: 26, Diff: 26, Sum: 40]
      [Scan RS (ms): Min: 2.9, Avg: 3.2, Max: 3.3, Diff: 0.4, Sum: 12.7]
      [Code Root Scanning (ms): Min: 0.0, Avg: 0.0, Max: 0.0, Diff: 0.0, Sum: 0.0]
      [Object Copy (ms): Min: 26.0, Avg: 26.2, Max: 26.5, Diff: 0.4, Sum: 104.6]
      [Termination (ms): Min: 0.0, Avg: 0.3, Max: 0.4, Diff: 0.4, Sum: 1.1]
         [Termination Attempts: Min: 1, Avg: 1.8, Max: 3, Diff: 2, Sum: 7]
      [GC Worker Other (ms): Min: 0.0, Avg: 0.0, Max: 0.1, Diff: 0.0, Sum: 0.2]
      [GC Worker Total (ms): Min: 35.8, Avg: 36.0, Max: 36.3, Diff: 0.5, Sum: 144.0]
      [GC Worker End (ms): Min: 36069181.3, Avg: 36069181.4, Max: 36069181.4, Diff: 0.1]
   [Code Root Fixup: 0.0 ms]
   [Code Root Purge: 0.0 ms]
   [Clear CT: 0.1 ms]
   [Other: 5.1 ms]
      [Choose CSet: 0.0 ms]
      [Ref Proc: 1.6 ms]
      [Ref Enq: 0.0 ms]
      [Redirty Cards: 0.1 ms]
      [Humongous Register: 2.4 ms]
      [Humongous Reclaim: 0.0 ms]
      [Free CSet: 0.3 ms]
   [Eden: 45.0M(45.0M)->0.0B(44.0M) Survivors: 6144.0K->7168.0K Heap: 288.0M(1024.0M)->249.0M(1024.0M)]
 [Times: user=0.06 sys=0.06, real=0.04 secs] 
2019-06-16T01:48:20.425-0300: 36678.992: [GC pause (G1 Evacuation Pause) (young), 0.0337132 secs]
   [Parallel Time: 30.1 ms, GC Workers: 4]
      [GC Worker Start (ms): Min: 36678994.7, Avg: 36678994.8, Max: 36678995.0, Diff: 0.3]
      [Ext Root Scanning (ms): Min: 3.0, Avg: 4.3, Max: 8.0, Diff: 5.1, Sum: 17.2]
      [Update RS (ms): Min: 0.0, Avg: 4.4, Max: 9.4, Diff: 9.4, Sum: 17.7]
         [Processed Buffers: Min: 0, Avg: 10.5, Max: 23, Diff: 23, Sum: 42]
      [Scan RS (ms): Min: 0.0, Avg: 2.6, Max: 3.9, Diff: 3.9, Sum: 10.6]
      [Code Root Scanning (ms): Min: 0.0, Avg: 0.0, Max: 0.0, Diff: 0.0, Sum: 0.0]
      [Object Copy (ms): Min: 16.9, Avg: 18.1, Max: 18.8, Diff: 1.9, Sum: 72.4]
      [Termination (ms): Min: 0.0, Avg: 0.4, Max: 0.5, Diff: 0.5, Sum: 1.6]
         [Termination Attempts: Min: 1, Avg: 2.0, Max: 4, Diff: 3, Sum: 8]
      [GC Worker Other (ms): Min: 0.0, Avg: 0.0, Max: 0.1, Diff: 0.1, Sum: 0.2]
      [GC Worker Total (ms): Min: 29.8, Avg: 29.9, Max: 30.0, Diff: 0.2, Sum: 119.6]
      [GC Worker End (ms): Min: 36679024.7, Avg: 36679024.7, Max: 36679024.7, Diff: 0.0]
   [Code Root Fixup: 0.0 ms]
   [Code Root Purge: 0.0 ms]
   [Clear CT: 0.1 ms]
   [Other: 3.5 ms]
      [Choose CSet: 0.0 ms]
      [Ref Proc: 0.2 ms]
      [Ref Enq: 0.0 ms]
      [Redirty Cards: 0.1 ms]
      [Humongous Register: 2.2 ms]
      [Humongous Reclaim: 0.0 ms]
      [Free CSet: 0.2 ms]
   [Eden: 44.0M(44.0M)->0.0B(46.0M) Survivors: 7168.0K->5120.0K Heap: 293.0M(1024.0M)->252.5M(1024.0M)]
 [Times: user=0.05 sys=0.05, real=0.04 secs] 
2019-06-16T01:58:58.287-0300: 37316.845: [GC pause (G1 Evacuation Pause) (young), 0.0396763 secs]
   [Parallel Time: 36.1 ms, GC Workers: 4]
      [GC Worker Start (ms): Min: 37316847.7, Avg: 37316847.8, Max: 37316848.0, Diff: 0.3]
      [Ext Root Scanning (ms): Min: 3.7, Avg: 4.5, Max: 6.7, Diff: 3.0, Sum: 18.2]
      [Update RS (ms): Min: 0.0, Avg: 2.3, Max: 3.8, Diff: 3.8, Sum: 9.2]
         [Processed Buffers: Min: 0, Avg: 9.8, Max: 20, Diff: 20, Sum: 39]
      [Scan RS (ms): Min: 0.0, Avg: 0.5, Max: 0.8, Diff: 0.8, Sum: 2.1]
      [Code Root Scanning (ms): Min: 0.0, Avg: 0.0, Max: 0.0, Diff: 0.0, Sum: 0.0]
      [Object Copy (ms): Min: 24.1, Avg: 25.3, Max: 26.6, Diff: 2.5, Sum: 101.2]
      [Termination (ms): Min: 2.0, Avg: 3.1, Max: 4.4, Diff: 2.4, Sum: 12.5]
         [Termination Attempts: Min: 60, Avg: 63.0, Max: 66, Diff: 6, Sum: 252]
      [GC Worker Other (ms): Min: 0.0, Avg: 0.0, Max: 0.0, Diff: 0.0, Sum: 0.1]
      [GC Worker Total (ms): Min: 35.6, Avg: 35.8, Max: 36.0, Diff: 0.4, Sum: 143.3]
      [GC Worker End (ms): Min: 37316883.6, Avg: 37316883.6, Max: 37316883.6, Diff: 0.0]
   [Code Root Fixup: 0.0 ms]
   [Code Root Purge: 0.0 ms]
   [Clear CT: 0.1 ms]
   [Other: 3.5 ms]
      [Choose CSet: 0.0 ms]
      [Ref Proc: 0.4 ms]
      [Ref Enq: 0.0 ms]
      [Redirty Cards: 0.0 ms]
      [Humongous Register: 2.2 ms]
      [Humongous Reclaim: 0.0 ms]
      [Free CSet: 0.1 ms]
   [Eden: 46.0M(46.0M)->0.0B(45.0M) Survivors: 5120.0K->6144.0K Heap: 298.5M(1024.0M)->254.0M(1024.0M)]
 [Times: user=0.05 sys=0.07, real=0.04 secs] 
2019-06-16T02:09:22.688-0300: 37941.240: [GC pause (G1 Evacuation Pause) (young), 0.0303006 secs]
   [Parallel Time: 27.0 ms, GC Workers: 4]
      [GC Worker Start (ms): Min: 37941242.0, Avg: 37941242.1, Max: 37941242.2, Diff: 0.2]
      [Ext Root Scanning (ms): Min: 3.7, Avg: 4.7, Max: 7.2, Diff: 3.4, Sum: 18.9]
      [Update RS (ms): Min: 0.0, Avg: 2.0, Max: 3.1, Diff: 3.1, Sum: 8.0]
         [Processed Buffers: Min: 0, Avg: 9.8, Max: 37, Diff: 37, Sum: 39]
      [Scan RS (ms): Min: 0.1, Avg: 0.7, Max: 1.3, Diff: 1.3, Sum: 2.9]
      [Code Root Scanning (ms): Min: 0.0, Avg: 0.0, Max: 0.0, Diff: 0.0, Sum: 0.0]
      [Object Copy (ms): Min: 19.2, Avg: 19.3, Max: 19.3, Diff: 0.1, Sum: 77.1]
      [Termination (ms): Min: 0.0, Avg: 0.0, Max: 0.0, Diff: 0.0, Sum: 0.0]
         [Termination Attempts: Min: 1, Avg: 1.0, Max: 1, Diff: 0, Sum: 4]
      [GC Worker Other (ms): Min: 0.0, Avg: 0.0, Max: 0.0, Diff: 0.0, Sum: 0.1]
      [GC Worker Total (ms): Min: 26.7, Avg: 26.8, Max: 26.9, Diff: 0.2, Sum: 107.1]
      [GC Worker End (ms): Min: 37941268.9, Avg: 37941268.9, Max: 37941268.9, Diff: 0.0]
   [Code Root Fixup: 0.0 ms]
   [Code Root Purge: 0.0 ms]
   [Clear CT: 0.1 ms]
   [Other: 3.2 ms]
      [Choose CSet: 0.0 ms]
      [Ref Proc: 0.2 ms]
      [Ref Enq: 0.0 ms]
      [Redirty Cards: 0.1 ms]
      [Humongous Register: 1.9 ms]
      [Humongous Reclaim: 0.0 ms]
      [Free CSet: 0.2 ms]
   [Eden: 45.0M(45.0M)->0.0B(45.0M) Survivors: 6144.0K->6144.0K Heap: 299.0M(1024.0M)->255.8M(1024.0M)]
 [Times: user=0.04 sys=0.05, real=0.03 secs] 
2019-06-16T02:19:44.856-0300: 38563.400: [GC pause (G1 Evacuation Pause) (young), 0.0469625 secs]
   [Parallel Time: 40.2 ms, GC Workers: 4]
      [GC Worker Start (ms): Min: 38563403.9, Avg: 38563403.9, Max: 38563404.0, Diff: 0.1]
      [Ext Root Scanning (ms): Min: 3.0, Avg: 3.9, Max: 6.6, Diff: 3.7, Sum: 15.5]
      [Update RS (ms): Min: 0.0, Avg: 1.9, Max: 3.7, Diff: 3.7, Sum: 7.5]
         [Processed Buffers: Min: 0, Avg: 9.8, Max: 21, Diff: 21, Sum: 39]
      [Scan RS (ms): Min: 3.2, Avg: 4.3, Max: 5.2, Diff: 2.0, Sum: 17.1]
      [Code Root Scanning (ms): Min: 0.0, Avg: 0.0, Max: 0.0, Diff: 0.0, Sum: 0.0]
      [Object Copy (ms): Min: 29.6, Avg: 29.9, Max: 30.0, Diff: 0.3, Sum: 119.4]
      [Termination (ms): Min: 0.0, Avg: 0.1, Max: 0.2, Diff: 0.2, Sum: 0.6]
         [Termination Attempts: Min: 1, Avg: 3.5, Max: 5, Diff: 4, Sum: 14]
      [GC Worker Other (ms): Min: 0.0, Avg: 0.0, Max: 0.0, Diff: 0.0, Sum: 0.1]
      [GC Worker Total (ms): Min: 40.0, Avg: 40.1, Max: 40.1, Diff: 0.1, Sum: 160.2]
      [GC Worker End (ms): Min: 38563444.0, Avg: 38563444.0, Max: 38563444.0, Diff: 0.1]
   [Code Root Fixup: 0.0 ms]
   [Code Root Purge: 0.0 ms]
   [Clear CT: 0.3 ms]
   [Other: 6.5 ms]
      [Choose CSet: 0.0 ms]
      [Ref Proc: 1.7 ms]
      [Ref Enq: 0.0 ms]
      [Redirty Cards: 0.2 ms]
      [Humongous Register: 2.7 ms]
      [Humongous Reclaim: 0.0 ms]
      [Free CSet: 0.2 ms]
   [Eden: 45.0M(45.0M)->0.0B(45.0M) Survivors: 6144.0K->6144.0K Heap: 300.8M(1024.0M)->259.7M(1024.0M)]
 [Times: user=0.05 sys=0.05, real=0.05 secs] 
2019-06-16T02:30:10.735-0300: 39189.271: [GC pause (G1 Evacuation Pause) (young), 0.0525460 secs]
   [Parallel Time: 49.2 ms, GC Workers: 4]
      [GC Worker Start (ms): Min: 39189273.0, Avg: 39189273.1, Max: 39189273.2, Diff: 0.2]
      [Ext Root Scanning (ms): Min: 2.6, Avg: 4.4, Max: 8.6, Diff: 6.0, Sum: 17.6]
      [Update RS (ms): Min: 0.8, Avg: 4.9, Max: 6.4, Diff: 5.6, Sum: 19.5]
         [Processed Buffers: Min: 1, Avg: 10.2, Max: 22, Diff: 21, Sum: 41]
      [Scan RS (ms): Min: 2.3, Avg: 2.7, Max: 3.2, Diff: 0.9, Sum: 10.7]
      [Code Root Scanning (ms): Min: 0.0, Avg: 0.0, Max: 0.0, Diff: 0.0, Sum: 0.0]
      [Object Copy (ms): Min: 34.7, Avg: 35.4, Max: 36.3, Diff: 1.6, Sum: 141.7]
      [Termination (ms): Min: 0.9, Avg: 1.5, Max: 2.0, Diff: 1.1, Sum: 6.1]
         [Termination Attempts: Min: 14, Avg: 21.8, Max: 30, Diff: 16, Sum: 87]
      [GC Worker Other (ms): Min: 0.0, Avg: 0.1, Max: 0.2, Diff: 0.2, Sum: 0.3]
      [GC Worker Total (ms): Min: 48.8, Avg: 49.0, Max: 49.1, Diff: 0.3, Sum: 196.0]
      [GC Worker End (ms): Min: 39189322.0, Avg: 39189322.1, Max: 39189322.1, Diff: 0.1]
   [Code Root Fixup: 0.0 ms]
   [Code Root Purge: 0.0 ms]
   [Clear CT: 0.1 ms]
   [Other: 3.3 ms]
      [Choose CSet: 0.0 ms]
      [Ref Proc: 0.9 ms]
      [Ref Enq: 0.0 ms]
      [Redirty Cards: 0.0 ms]
      [Humongous Register: 1.6 ms]
      [Humongous Reclaim: 0.0 ms]
      [Free CSet: 0.2 ms]
   [Eden: 45.0M(45.0M)->0.0B(44.0M) Survivors: 6144.0K->7168.0K Heap: 304.7M(1024.0M)->264.0M(1024.0M)]
 [Times: user=0.06 sys=0.06, real=0.05 secs] 
2019-06-16T02:39:33.587-0300: 39752.117: [GC pause (G1 Evacuation Pause) (young), 0.0461416 secs]
   [Parallel Time: 42.1 ms, GC Workers: 4]
      [GC Worker Start (ms): Min: 39752119.1, Avg: 39752119.1, Max: 39752119.2, Diff: 0.2]
      [Ext Root Scanning (ms): Min: 4.7, Avg: 5.7, Max: 8.1, Diff: 3.4, Sum: 22.7]
      [Update RS (ms): Min: 0.0, Avg: 2.0, Max: 2.9, Diff: 2.9, Sum: 7.8]
         [Processed Buffers: Min: 0, Avg: 9.5, Max: 30, Diff: 30, Sum: 38]
      [Scan RS (ms): Min: 2.9, Avg: 3.4, Max: 4.2, Diff: 1.3, Sum: 13.6]
      [Code Root Scanning (ms): Min: 0.0, Avg: 0.0, Max: 0.0, Diff: 0.0, Sum: 0.0]
      [Object Copy (ms): Min: 29.8, Avg: 30.4, Max: 30.8, Diff: 1.0, Sum: 121.7]
      [Termination (ms): Min: 0.0, Avg: 0.3, Max: 0.6, Diff: 0.6, Sum: 1.3]
         [Termination Attempts: Min: 1, Avg: 2.2, Max: 3, Diff: 2, Sum: 9]
      [GC Worker Other (ms): Min: 0.0, Avg: 0.0, Max: 0.1, Diff: 0.0, Sum: 0.1]
      [GC Worker Total (ms): Min: 41.7, Avg: 41.8, Max: 42.0, Diff: 0.2, Sum: 167.3]
      [GC Worker End (ms): Min: 39752160.9, Avg: 39752160.9, Max: 39752161.0, Diff: 0.1]
   [Code Root Fixup: 0.0 ms]
   [Code Root Purge: 0.0 ms]
   [Clear CT: 0.1 ms]
   [Other: 4.0 ms]
      [Choose CSet: 0.0 ms]
      [Ref Proc: 0.9 ms]
      [Ref Enq: 0.0 ms]
      [Redirty Cards: 0.1 ms]
      [Humongous Register: 1.7 ms]
      [Humongous Reclaim: 0.1 ms]
      [Free CSet: 0.5 ms]
   [Eden: 44.0M(44.0M)->0.0B(44.0M) Survivors: 7168.0K->7168.0K Heap: 308.0M(1024.0M)->268.5M(1024.0M)]
 [Times: user=0.06 sys=0.06, real=0.05 secs] 
2019-06-16T02:49:25.277-0300: 40343.800: [GC pause (G1 Evacuation Pause) (young), 0.0800872 secs]
   [Parallel Time: 73.1 ms, GC Workers: 4]
      [GC Worker Start (ms): Min: 40343806.0, Avg: 40343806.9, Max: 40343807.8, Diff: 1.8]
      [Ext Root Scanning (ms): Min: 4.5, Avg: 5.9, Max: 8.3, Diff: 3.8, Sum: 23.7]
      [Update RS (ms): Min: 4.0, Avg: 6.4, Max: 10.2, Diff: 6.1, Sum: 25.4]
         [Processed Buffers: Min: 1, Avg: 11.0, Max: 27, Diff: 26, Sum: 44]
      [Scan RS (ms): Min: 4.4, Avg: 7.6, Max: 8.8, Diff: 4.4, Sum: 30.6]
      [Code Root Scanning (ms): Min: 0.0, Avg: 0.0, Max: 0.0, Diff: 0.0, Sum: 0.0]
      [Object Copy (ms): Min: 41.7, Avg: 42.1, Max: 43.0, Diff: 1.3, Sum: 168.5]
      [Termination (ms): Min: 0.0, Avg: 3.2, Max: 10.4, Diff: 10.4, Sum: 12.8]
         [Termination Attempts: Min: 1, Avg: 1.0, Max: 1, Diff: 0, Sum: 4]
      [GC Worker Other (ms): Min: 0.0, Avg: 0.1, Max: 0.1, Diff: 0.0, Sum: 0.2]
      [GC Worker Total (ms): Min: 62.1, Avg: 65.3, Max: 71.2, Diff: 9.1, Sum: 261.3]
      [GC Worker End (ms): Min: 40343869.8, Avg: 40343872.2, Max: 40343879.0, Diff: 9.2]
   [Code Root Fixup: 0.0 ms]
   [Code Root Purge: 0.0 ms]
   [Clear CT: 0.1 ms]
   [Other: 6.9 ms]
      [Choose CSet: 0.0 ms]
      [Ref Proc: 0.4 ms]
      [Ref Enq: 0.0 ms]
      [Redirty Cards: 0.1 ms]
      [Humongous Register: 5.0 ms]
      [Humongous Reclaim: 0.0 ms]
      [Free CSet: 0.4 ms]
   [Eden: 44.0M(44.0M)->0.0B(46.0M) Survivors: 7168.0K->5120.0K Heap: 312.5M(1024.0M)->272.5M(1024.0M)]
 [Times: user=0.07 sys=0.09, real=0.08 secs] 
2019-06-16T03:00:00.767-0300: 40979.280: [GC pause (G1 Evacuation Pause) (young), 0.0679792 secs]
   [Parallel Time: 61.0 ms, GC Workers: 4]
      [GC Worker Start (ms): Min: 40979283.0, Avg: 40979283.3, Max: 40979284.0, Diff: 1.0]
      [Ext Root Scanning (ms): Min: 5.0, Avg: 6.6, Max: 9.5, Diff: 4.6, Sum: 26.4]
      [Update RS (ms): Min: 0.5, Avg: 4.2, Max: 8.5, Diff: 8.0, Sum: 16.7]
         [Processed Buffers: Min: 0, Avg: 9.8, Max: 26, Diff: 26, Sum: 39]
      [Scan RS (ms): Min: 2.6, Avg: 5.7, Max: 8.6, Diff: 6.0, Sum: 22.8]
      [Code Root Scanning (ms): Min: 0.0, Avg: 0.0, Max: 0.0, Diff: 0.0, Sum: 0.0]
      [Object Copy (ms): Min: 34.4, Avg: 36.1, Max: 37.2, Diff: 2.8, Sum: 144.6]
      [Termination (ms): Min: 0.0, Avg: 2.5, Max: 8.3, Diff: 8.3, Sum: 10.2]
         [Termination Attempts: Min: 1, Avg: 1.2, Max: 2, Diff: 1, Sum: 5]
      [GC Worker Other (ms): Min: 0.0, Avg: 0.0, Max: 0.1, Diff: 0.0, Sum: 0.2]
      [GC Worker Total (ms): Min: 52.4, Avg: 55.2, Max: 60.8, Diff: 8.4, Sum: 220.8]
      [GC Worker End (ms): Min: 40979336.3, Avg: 40979338.5, Max: 40979343.9, Diff: 7.6]
   [Code Root Fixup: 0.0 ms]
   [Code Root Purge: 0.0 ms]
   [Clear CT: 1.1 ms]
   [Other: 5.9 ms]
      [Choose CSet: 0.0 ms]
      [Ref Proc: 2.0 ms]
      [Ref Enq: 0.0 ms]
      [Redirty Cards: 0.1 ms]
      [Humongous Register: 2.3 ms]
      [Humongous Reclaim: 0.1 ms]
      [Free CSet: 0.3 ms]
   [Eden: 46.0M(46.0M)->0.0B(44.0M) Survivors: 5120.0K->7168.0K Heap: 318.5M(1024.0M)->275.0M(1024.0M)]
 [Times: user=0.05 sys=0.06, real=0.07 secs] 
2019-06-16T03:10:10.491-0300: 41588.996: [GC pause (G1 Evacuation Pause) (young), 0.0663447 secs]
   [Parallel Time: 57.9 ms, GC Workers: 4]
      [GC Worker Start (ms): Min: 41588998.9, Avg: 41588999.0, Max: 41588999.0, Diff: 0.1]
      [Ext Root Scanning (ms): Min: 3.6, Avg: 6.3, Max: 10.6, Diff: 7.1, Sum: 25.4]
      [Update RS (ms): Min: 0.0, Avg: 3.8, Max: 6.0, Diff: 6.0, Sum: 15.3]
         [Processed Buffers: Min: 0, Avg: 9.2, Max: 32, Diff: 32, Sum: 37]
      [Scan RS (ms): Min: 2.0, Avg: 3.0, Max: 3.8, Diff: 1.8, Sum: 12.0]
      [Code Root Scanning (ms): Min: 0.0, Avg: 0.0, Max: 0.0, Diff: 0.0, Sum: 0.0]
      [Object Copy (ms): Min: 44.0, Avg: 44.5, Max: 45.0, Diff: 1.0, Sum: 178.0]
      [Termination (ms): Min: 0.0, Avg: 0.0, Max: 0.0, Diff: 0.0, Sum: 0.0]
         [Termination Attempts: Min: 1, Avg: 1.2, Max: 2, Diff: 1, Sum: 5]
      [GC Worker Other (ms): Min: 0.0, Avg: 0.0, Max: 0.1, Diff: 0.0, Sum: 0.2]
      [GC Worker Total (ms): Min: 57.6, Avg: 57.7, Max: 57.8, Diff: 0.1, Sum: 230.8]
      [GC Worker End (ms): Min: 41589056.7, Avg: 41589056.7, Max: 41589056.7, Diff: 0.0]
   [Code Root Fixup: 0.0 ms]
   [Code Root Purge: 0.0 ms]
   [Clear CT: 0.1 ms]
   [Other: 8.4 ms]
      [Choose CSet: 0.0 ms]
      [Ref Proc: 5.2 ms]
      [Ref Enq: 0.0 ms]
      [Redirty Cards: 0.1 ms]
      [Humongous Register: 1.9 ms]
      [Humongous Reclaim: 0.0 ms]
      [Free CSet: 0.4 ms]
   [Eden: 44.0M(44.0M)->0.0B(44.0M) Survivors: 7168.0K->7168.0K Heap: 319.0M(1024.0M)->278.4M(1024.0M)]
 [Times: user=0.06 sys=0.09, real=0.06 secs] 
2019-06-16T03:19:35.776-0300: 42154.274: [GC pause (G1 Evacuation Pause) (young), 0.0506632 secs]
   [Parallel Time: 46.3 ms, GC Workers: 4]
      [GC Worker Start (ms): Min: 42154277.2, Avg: 42154277.3, Max: 42154277.3, Diff: 0.1]
      [Ext Root Scanning (ms): Min: 4.7, Avg: 6.0, Max: 9.6, Diff: 4.9, Sum: 24.0]
      [Update RS (ms): Min: 0.6, Avg: 4.3, Max: 7.0, Diff: 6.5, Sum: 17.4]
         [Processed Buffers: Min: 1, Avg: 9.2, Max: 20, Diff: 19, Sum: 37]
      [Scan RS (ms): Min: 2.1, Avg: 3.6, Max: 4.2, Diff: 2.1, Sum: 14.3]
      [Code Root Scanning (ms): Min: 0.0, Avg: 0.0, Max: 0.0, Diff: 0.0, Sum: 0.0]
      [Object Copy (ms): Min: 29.2, Avg: 29.5, Max: 30.1, Diff: 1.0, Sum: 118.0]
      [Termination (ms): Min: 2.0, Avg: 2.7, Max: 3.1, Diff: 1.1, Sum: 10.8]
         [Termination Attempts: Min: 53, Avg: 65.0, Max: 76, Diff: 23, Sum: 260]
      [GC Worker Other (ms): Min: 0.0, Avg: 0.0, Max: 0.0, Diff: 0.0, Sum: 0.1]
      [GC Worker Total (ms): Min: 46.1, Avg: 46.2, Max: 46.2, Diff: 0.1, Sum: 184.7]
      [GC Worker End (ms): Min: 42154323.4, Avg: 42154323.4, Max: 42154323.4, Diff: 0.0]
   [Code Root Fixup: 0.0 ms]
   [Code Root Purge: 0.0 ms]
   [Clear CT: 0.1 ms]
   [Other: 4.3 ms]
      [Choose CSet: 0.0 ms]
      [Ref Proc: 0.2 ms]
      [Ref Enq: 0.0 ms]
      [Redirty Cards: 0.1 ms]
      [Humongous Register: 2.0 ms]
      [Humongous Reclaim: 0.0 ms]
      [Free CSet: 0.2 ms]
   [Eden: 44.0M(44.0M)->0.0B(44.0M) Survivors: 7168.0K->7168.0K Heap: 322.4M(1024.0M)->281.5M(1024.0M)]
 [Times: user=0.06 sys=0.09, real=0.05 secs] 
2019-06-16T03:29:47.654-0300: 42766.147: [GC pause (G1 Evacuation Pause) (young), 0.0504912 secs]
   [Parallel Time: 47.1 ms, GC Workers: 4]
      [GC Worker Start (ms): Min: 42766149.4, Avg: 42766149.5, Max: 42766149.5, Diff: 0.1]
      [Ext Root Scanning (ms): Min: 7.2, Avg: 8.8, Max: 12.1, Diff: 4.9, Sum: 35.1]
      [Update RS (ms): Min: 0.0, Avg: 1.5, Max: 2.5, Diff: 2.5, Sum: 6.2]
         [Processed Buffers: Min: 0, Avg: 8.8, Max: 30, Diff: 30, Sum: 35]
      [Scan RS (ms): Min: 1.3, Avg: 3.1, Max: 4.1, Diff: 2.8, Sum: 12.5]
      [Code Root Scanning (ms): Min: 0.0, Avg: 0.0, Max: 0.0, Diff: 0.0, Sum: 0.0]
      [Object Copy (ms): Min: 29.5, Avg: 29.9, Max: 30.9, Diff: 1.4, Sum: 119.8]
      [Termination (ms): Min: 2.7, Avg: 3.4, Max: 3.8, Diff: 1.1, Sum: 13.7]
         [Termination Attempts: Min: 42, Avg: 47.5, Max: 52, Diff: 10, Sum: 190]
      [GC Worker Other (ms): Min: 0.0, Avg: 0.1, Max: 0.4, Diff: 0.4, Sum: 0.5]
      [GC Worker Total (ms): Min: 46.9, Avg: 46.9, Max: 47.0, Diff: 0.1, Sum: 187.7]
      [GC Worker End (ms): Min: 42766196.4, Avg: 42766196.4, Max: 42766196.4, Diff: 0.1]
   [Code Root Fixup: 0.0 ms]
   [Code Root Purge: 0.0 ms]
   [Clear CT: 0.0 ms]
   [Other: 3.3 ms]
      [Choose CSet: 0.0 ms]
      [Ref Proc: 0.2 ms]
      [Ref Enq: 0.0 ms]
      [Redirty Cards: 0.0 ms]
      [Humongous Register: 2.2 ms]
      [Humongous Reclaim: 0.0 ms]
      [Free CSet: 0.2 ms]
   [Eden: 44.0M(44.0M)->0.0B(44.0M) Survivors: 7168.0K->7168.0K Heap: 325.5M(1024.0M)->284.0M(1024.0M)]
 [Times: user=0.06 sys=0.06, real=0.05 secs] 
2019-06-16T03:38:10.785-0300: 43269.271: [GC pause (G1 Evacuation Pause) (young), 0.0405592 secs]
   [Parallel Time: 37.8 ms, GC Workers: 4]
      [GC Worker Start (ms): Min: 43269273.2, Avg: 43269273.3, Max: 43269273.4, Diff: 0.2]
      [Ext Root Scanning (ms): Min: 3.2, Avg: 4.0, Max: 6.4, Diff: 3.2, Sum: 16.1]
      [Update RS (ms): Min: 0.0, Avg: 4.0, Max: 7.3, Diff: 7.3, Sum: 15.9]
         [Processed Buffers: Min: 0, Avg: 9.2, Max: 37, Diff: 37, Sum: 37]
      [Scan RS (ms): Min: 1.1, Avg: 3.9, Max: 6.2, Diff: 5.1, Sum: 15.6]
      [Code Root Scanning (ms): Min: 0.0, Avg: 0.0, Max: 0.0, Diff: 0.0, Sum: 0.0]
      [Object Copy (ms): Min: 24.5, Avg: 25.2, Max: 25.7, Diff: 1.2, Sum: 100.9]
      [Termination (ms): Min: 0.0, Avg: 0.4, Max: 0.5, Diff: 0.5, Sum: 1.4]
         [Termination Attempts: Min: 1, Avg: 1.8, Max: 2, Diff: 1, Sum: 7]
      [GC Worker Other (ms): Min: 0.0, Avg: 0.0, Max: 0.0, Diff: 0.0, Sum: 0.1]
      [GC Worker Total (ms): Min: 37.4, Avg: 37.5, Max: 37.7, Diff: 0.3, Sum: 150.1]
      [GC Worker End (ms): Min: 43269310.8, Avg: 43269310.8, Max: 43269311.0, Diff: 0.2]
   [Code Root Fixup: 0.0 ms]
   [Code Root Purge: 0.0 ms]
   [Clear CT: 0.0 ms]
   [Other: 2.7 ms]
      [Choose CSet: 0.0 ms]
      [Ref Proc: 0.2 ms]
      [Ref Enq: 0.0 ms]
      [Redirty Cards: 0.0 ms]
      [Humongous Register: 1.7 ms]
      [Humongous Reclaim: 0.0 ms]
      [Free CSet: 0.2 ms]
   [Eden: 44.0M(44.0M)->0.0B(44.0M) Survivors: 7168.0K->7168.0K Heap: 328.0M(1024.0M)->288.0M(1024.0M)]
 [Times: user=0.06 sys=0.05, real=0.04 secs] 
2019-06-16T03:48:13.946-0300: 43872.425: [GC pause (G1 Evacuation Pause) (young), 0.0412166 secs]
   [Parallel Time: 35.7 ms, GC Workers: 4]
      [GC Worker Start (ms): Min: 43872426.4, Avg: 43872426.5, Max: 43872426.6, Diff: 0.2]
      [Ext Root Scanning (ms): Min: 3.8, Avg: 4.9, Max: 7.5, Diff: 3.7, Sum: 19.8]
      [Update RS (ms): Min: 1.6, Avg: 3.5, Max: 4.7, Diff: 3.1, Sum: 13.8]
         [Processed Buffers: Min: 0, Avg: 9.0, Max: 14, Diff: 14, Sum: 36]
      [Scan RS (ms): Min: 4.8, Avg: 5.4, Max: 5.9, Diff: 1.1, Sum: 21.7]
      [Code Root Scanning (ms): Min: 0.0, Avg: 0.0, Max: 0.0, Diff: 0.0, Sum: 0.0]
      [Object Copy (ms): Min: 21.0, Avg: 21.1, Max: 21.3, Diff: 0.3, Sum: 84.6]
      [Termination (ms): Min: 0.0, Avg: 0.3, Max: 0.6, Diff: 0.6, Sum: 1.3]
         [Termination Attempts: Min: 1, Avg: 1.0, Max: 1, Diff: 0, Sum: 4]
      [GC Worker Other (ms): Min: 0.0, Avg: 0.0, Max: 0.0, Diff: 0.0, Sum: 0.1]
      [GC Worker Total (ms): Min: 35.2, Avg: 35.3, Max: 35.5, Diff: 0.3, Sum: 141.3]
      [GC Worker End (ms): Min: 43872461.7, Avg: 43872461.8, Max: 43872462.0, Diff: 0.3]
   [Code Root Fixup: 0.0 ms]
   [Code Root Purge: 0.0 ms]
   [Clear CT: 0.1 ms]
   [Other: 5.4 ms]
      [Choose CSet: 0.0 ms]
      [Ref Proc: 3.1 ms]
      [Ref Enq: 0.0 ms]
      [Redirty Cards: 0.1 ms]
      [Humongous Register: 1.4 ms]
      [Humongous Reclaim: 0.0 ms]
      [Free CSet: 0.2 ms]
   [Eden: 44.0M(44.0M)->0.0B(47.0M) Survivors: 7168.0K->4096.0K Heap: 332.0M(1024.0M)->291.0M(1024.0M)]
 [Times: user=0.06 sys=0.06, real=0.04 secs] 
2019-06-16T04:01:00.806-0300: 44639.275: [GC pause (G1 Evacuation Pause) (young), 0.0312122 secs]
   [Parallel Time: 27.6 ms, GC Workers: 4]
      [GC Worker Start (ms): Min: 44639277.9, Avg: 44639277.9, Max: 44639278.1, Diff: 0.2]
      [Ext Root Scanning (ms): Min: 1.9, Avg: 2.6, Max: 3.0, Diff: 1.1, Sum: 10.3]
      [Update RS (ms): Min: 2.5, Avg: 3.3, Max: 5.6, Diff: 3.1, Sum: 13.2]
         [Processed Buffers: Min: 4, Avg: 10.5, Max: 17, Diff: 13, Sum: 42]
      [Scan RS (ms): Min: 0.0, Avg: 1.4, Max: 2.0, Diff: 2.0, Sum: 5.6]
      [Code Root Scanning (ms): Min: 0.0, Avg: 0.0, Max: 0.1, Diff: 0.1, Sum: 0.1]
      [Object Copy (ms): Min: 16.1, Avg: 17.1, Max: 17.8, Diff: 1.7, Sum: 68.6]
      [Termination (ms): Min: 0.9, Avg: 2.0, Max: 4.0, Diff: 3.1, Sum: 7.8]
         [Termination Attempts: Min: 23, Avg: 30.8, Max: 37, Diff: 14, Sum: 123]
      [GC Worker Other (ms): Min: 0.0, Avg: 0.0, Max: 0.1, Diff: 0.0, Sum: 0.1]
      [GC Worker Total (ms): Min: 26.1, Avg: 26.5, Max: 27.3, Diff: 1.3, Sum: 105.8]
      [GC Worker End (ms): Min: 44639304.1, Avg: 44639304.4, Max: 44639305.3, Diff: 1.2]
   [Code Root Fixup: 0.0 ms]
   [Code Root Purge: 0.0 ms]
   [Clear CT: 0.1 ms]
   [Other: 3.5 ms]
      [Choose CSet: 0.0 ms]
      [Ref Proc: 0.3 ms]
      [Ref Enq: 0.0 ms]
      [Redirty Cards: 0.0 ms]
      [Humongous Register: 2.2 ms]
      [Humongous Reclaim: 0.0 ms]
      [Free CSet: 0.2 ms]
   [Eden: 47.0M(47.0M)->0.0B(46.0M) Survivors: 4096.0K->5120.0K Heap: 338.0M(1024.0M)->292.0M(1024.0M)]
 [Times: user=0.03 sys=0.05, real=0.03 secs] 
2019-06-16T04:17:00.807-0300: 45599.270: [GC pause (G1 Evacuation Pause) (young), 0.0085755 secs]
   [Parallel Time: 8.0 ms, GC Workers: 4]
      [GC Worker Start (ms): Min: 45599269.9, Avg: 45599270.0, Max: 45599270.0, Diff: 0.1]
      [Ext Root Scanning (ms): Min: 0.5, Avg: 0.6, Max: 0.6, Diff: 0.1, Sum: 2.3]
      [Update RS (ms): Min: 0.3, Avg: 0.3, Max: 0.3, Diff: 0.1, Sum: 1.2]
         [Processed Buffers: Min: 5, Avg: 8.0, Max: 11, Diff: 6, Sum: 32]
      [Scan RS (ms): Min: 0.5, Avg: 0.7, Max: 0.8, Diff: 0.2, Sum: 2.7]
      [Code Root Scanning (ms): Min: 0.0, Avg: 0.0, Max: 0.1, Diff: 0.1, Sum: 0.1]
      [Object Copy (ms): Min: 5.6, Avg: 5.9, Max: 6.3, Diff: 0.7, Sum: 23.5]
      [Termination (ms): Min: 0.0, Avg: 0.4, Max: 0.6, Diff: 0.6, Sum: 1.8]
         [Termination Attempts: Min: 1, Avg: 1.0, Max: 1, Diff: 0, Sum: 4]
      [GC Worker Other (ms): Min: 0.0, Avg: 0.0, Max: 0.0, Diff: 0.0, Sum: 0.1]
      [GC Worker Total (ms): Min: 7.9, Avg: 7.9, Max: 8.0, Diff: 0.1, Sum: 31.8]
      [GC Worker End (ms): Min: 45599277.9, Avg: 45599277.9, Max: 45599277.9, Diff: 0.0]
   [Code Root Fixup: 0.0 ms]
   [Code Root Purge: 0.0 ms]
   [Clear CT: 0.0 ms]
   [Other: 0.5 ms]
      [Choose CSet: 0.0 ms]
      [Ref Proc: 0.2 ms]
      [Ref Enq: 0.0 ms]
      [Redirty Cards: 0.1 ms]
      [Humongous Register: 0.0 ms]
      [Humongous Reclaim: 0.0 ms]
      [Free CSet: 0.0 ms]
   [Eden: 46.0M(46.0M)->0.0B(46.0M) Survivors: 5120.0K->5120.0K Heap: 338.0M(1024.0M)->292.0M(1024.0M)]
 [Times: user=0.02 sys=0.00, real=0.02 secs] 
2019-06-16T04:33:10.826-0300: 46569.273: [GC pause (G1 Evacuation Pause) (young), 0.0097232 secs]
   [Parallel Time: 8.2 ms, GC Workers: 4]
      [GC Worker Start (ms): Min: 46569273.0, Avg: 46569273.1, Max: 46569273.3, Diff: 0.3]
      [Ext Root Scanning (ms): Min: 0.5, Avg: 0.7, Max: 0.8, Diff: 0.4, Sum: 2.9]
      [Update RS (ms): Min: 0.7, Avg: 0.7, Max: 0.7, Diff: 0.0, Sum: 2.9]
         [Processed Buffers: Min: 1, Avg: 8.0, Max: 14, Diff: 13, Sum: 32]
      [Scan RS (ms): Min: 0.6, Avg: 0.7, Max: 0.8, Diff: 0.2, Sum: 3.0]
      [Code Root Scanning (ms): Min: 0.0, Avg: 0.0, Max: 0.1, Diff: 0.1, Sum: 0.2]
      [Object Copy (ms): Min: 5.8, Avg: 5.8, Max: 5.9, Diff: 0.1, Sum: 23.4]
      [Termination (ms): Min: 0.0, Avg: 0.0, Max: 0.0, Diff: 0.0, Sum: 0.0]
         [Termination Attempts: Min: 1, Avg: 1.0, Max: 1, Diff: 0, Sum: 4]
      [GC Worker Other (ms): Min: 0.0, Avg: 0.0, Max: 0.0, Diff: 0.0, Sum: 0.1]
      [GC Worker Total (ms): Min: 7.9, Avg: 8.1, Max: 8.2, Diff: 0.3, Sum: 32.3]
      [GC Worker End (ms): Min: 46569281.2, Avg: 46569281.2, Max: 46569281.2, Diff: 0.0]
   [Code Root Fixup: 0.0 ms]
   [Code Root Purge: 0.0 ms]
   [Clear CT: 0.1 ms]
   [Other: 1.4 ms]
      [Choose CSet: 0.0 ms]
      [Ref Proc: 1.1 ms]
      [Ref Enq: 0.0 ms]
      [Redirty Cards: 0.0 ms]
      [Humongous Register: 0.0 ms]
      [Humongous Reclaim: 0.0 ms]
      [Free CSet: 0.0 ms]
   [Eden: 46.0M(46.0M)->0.0B(46.0M) Survivors: 5120.0K->5120.0K Heap: 338.0M(1024.0M)->292.5M(1024.0M)]
 [Times: user=0.03 sys=0.01, real=0.01 secs] 
2019-06-16T04:49:18.886-0300: 47537.320: [GC pause (G1 Evacuation Pause) (young), 0.0071198 secs]
   [Parallel Time: 6.4 ms, GC Workers: 4]
      [GC Worker Start (ms): Min: 47537320.4, Avg: 47537320.5, Max: 47537320.5, Diff: 0.1]
      [Ext Root Scanning (ms): Min: 0.5, Avg: 0.5, Max: 0.6, Diff: 0.2, Sum: 2.2]
      [Update RS (ms): Min: 0.6, Avg: 0.7, Max: 0.8, Diff: 0.1, Sum: 2.8]
         [Processed Buffers: Min: 1, Avg: 8.2, Max: 16, Diff: 15, Sum: 33]
      [Scan RS (ms): Min: 0.2, Avg: 0.3, Max: 0.3, Diff: 0.1, Sum: 1.0]
      [Code Root Scanning (ms): Min: 0.0, Avg: 0.0, Max: 0.1, Diff: 0.1, Sum: 0.1]
      [Object Copy (ms): Min: 4.7, Avg: 4.8, Max: 4.8, Diff: 0.1, Sum: 19.2]
      [Termination (ms): Min: 0.0, Avg: 0.0, Max: 0.0, Diff: 0.0, Sum: 0.0]
         [Termination Attempts: Min: 1, Avg: 1.5, Max: 2, Diff: 1, Sum: 6]
      [GC Worker Other (ms): Min: 0.0, Avg: 0.0, Max: 0.0, Diff: 0.0, Sum: 0.1]
      [GC Worker Total (ms): Min: 6.3, Avg: 6.3, Max: 6.4, Diff: 0.1, Sum: 25.4]
      [GC Worker End (ms): Min: 47537326.8, Avg: 47537326.8, Max: 47537326.8, Diff: 0.0]
   [Code Root Fixup: 0.0 ms]
   [Code Root Purge: 0.0 ms]
   [Clear CT: 0.1 ms]
   [Other: 0.6 ms]
      [Choose CSet: 0.0 ms]
      [Ref Proc: 0.3 ms]
      [Ref Enq: 0.0 ms]
      [Redirty Cards: 0.1 ms]
      [Humongous Register: 0.0 ms]
      [Humongous Reclaim: 0.0 ms]
      [Free CSet: 0.0 ms]
   [Eden: 46.0M(46.0M)->0.0B(46.0M) Survivors: 5120.0K->5120.0K Heap: 338.5M(1024.0M)->292.0M(1024.0M)]
 [Times: user=0.03 sys=0.00, real=0.01 secs] 
